<html>
<body>
<pre>
<h1>礦ision Build Log</h1>
<h2>Tool Versions:</h2>
IDE-Version: μVision V5.25.3.0
Copyright (C) 2018 ARM Ltd and ARM Germany GmbH. All rights reserved.
License Information: a sg, hyj, LIC=KIVHL-05Y19-YCEJ1-CV5N6-5MI32-1I9LB
 
Tool Versions:
Toolchain:       MDK-ARM Professional  Version: 5.25.2.0
Toolchain Path:  d:\Keil_v5\ARM\ARMCC\Bin
C Compiler:      Armcc.exe V5.06 update 6 (build 750)
Assembler:       Armasm.exe V5.06 update 6 (build 750)
Linker/Locator:  ArmLink.exe V5.06 update 6 (build 750)
Library Manager: ArmAr.exe V5.06 update 6 (build 750)
Hex Converter:   FromElf.exe V5.06 update 6 (build 750)
CPU DLL:         SARMCM3.DLL V5.25.2.0
Dialog DLL:      DARMSTM.DLL V1.68.0.0
Target DLL:      Segger\JL2CM3.dll V2.99.29.0
Dialog DLL:      DARMSTM.DLL V1.68.0.0
 
<h2>Project:</h2>
C:\Users\MSI\Desktop\智能语音表情\程序\Chatter\Project\RVMDK（uv5）\BH-F429.uvprojx
Project File Date:  10/05/2018

<h2>Output:</h2>
*** Using Compiler 'V5.06 update 6 (build 750)', folder: 'd:\Keil_v5\ARM\ARMCC\Bin'
Rebuild target 'SDRAM'
assembling startup_stm32f429_439xx.s...
compiling stm32f4xx_crc.c...
compiling system_stm32f4xx.c...
compiling stm32f4xx_can.c...
compiling misc.c...
compiling stm32f4xx_cryp.c...
compiling stm32f4xx_adc.c...
compiling stm32f4xx_cryp_aes.c...
compiling stm32f4xx_dbgmcu.c...
compiling stm32f4xx_cryp_des.c...
compiling stm32f4xx_cryp_tdes.c...
compiling stm32f4xx_dcmi.c...
compiling stm32f4xx_dac.c...
compiling stm32f4xx_dma.c...
compiling stm32f4xx_dma2d.c...
compiling stm32f4xx_fmc.c...
compiling stm32f4xx_flash.c...
compiling stm32f4xx_hash.c...
compiling stm32f4xx_hash_md5.c...
compiling stm32f4xx_exti.c...
compiling stm32f4xx_gpio.c...
compiling stm32f4xx_hash_sha1.c...
compiling stm32f4xx_i2c.c...
compiling stm32f4xx_pwr.c...
compiling stm32f4xx_rng.c...
compiling stm32f4xx_rcc.c...
compiling stm32f4xx_iwdg.c...
compiling stm32f4xx_ltdc.c...
compiling stm32f4xx_rtc.c...
compiling stm32f4xx_sai.c...
compiling stm32f4xx_syscfg.c...
compiling stm32f4xx_sdio.c...
compiling stm32f4xx_spi.c...
compiling stm32f4xx_tim.c...
compiling fonts.c...
compiling stm32f4xx_usart.c...
compiling stm32f4xx_wwdg.c...
compiling bsp_led.c...
compiling bsp_lcd.c...
compiling bsp_debug_usart.c...
compiling bsp_sdram.c...
compiling stm32f4xx_it.c...
compiling bsp.c...
compiling bsp_sdio_sd.c...
compiling bsp_usart3.c...
compiling bsp_usart6.c...
compiling bsp_DHT22.c...
compiling bsp_adc.c...
compiling bsp_i2c_gpio.c...
compiling bsp_rng.c...
compiling os_app_hooks.c...
compiling ctiic.c...
compiling touch.c...
compiling mpu6050.c...
compiling gt9147.c...
compiling cpu_core.c...
assembling cpu_a.asm...
compiling bsp_rtc.c...
compiling lib_ascii.c...
compiling cpu_c.c...
compiling lib_math.c...
compiling lib_mem.c...
assembling lib_mem_a.asm...
compiling app.c...
..\..\User\APP\app.c(897): warning:  #1035-D: single-precision operand implicitly converted to double-precision
  			if(Light_ADC_Vol > 2.7&&Light_Mode == 0)
..\..\User\APP\app.c(912): warning:  #1035-D: single-precision operand implicitly converted to double-precision
  			if (Light_ADC_Vol < 2.7&&Light_Mode == 1)
..\..\User\APP\app.c(85): warning:  #177-D: variable "AppTaskCheckPeopleTCB"  was declared but never referenced
  static 	OS_TCB	 AppTaskCheckPeopleTCB;
..\..\User\APP\app.c(109): warning:  #177-D: variable "AppTaskCheckPeopleStk"  was declared but never referenced
  static  CPU_STK  AppTaskCheckPeopleStk [ APP_TASK_CheckPeople_STK_SIZE ];
..\..\User\APP\app.c(928): warning:  #177-D: function "AppTaskCheckPeople"  was declared but never referenced
  static void  AppTaskCheckPeople  ( void * p_arg )
..\..\User\APP\app.c: 5 warnings, 0 errors
compiling show_GIF.c...
compiling show_BMP.c...
compiling print.c...
compiling lib_str.c...
compiling os_cfg_app.c...
compiling show_jpg.c...
compiling os_dbg.c...
compiling os_flag.c...
compiling os_core.c...
compiling os_int.c...
compiling os_mem.c...
compiling os_msg.c...
compiling os_mutex.c...
compiling os_pend_multi.c...
compiling os_q.c...
compiling os_prio.c...
compiling os_sem.c...
compiling os_stat.c...
compiling os_time.c...
compiling os_tick.c...
compiling os_task.c...
compiling os_var.c...
compiling os_tmr.c...
assembling os_cpu_a.asm...
compiling os_cpu_c.c...
compiling cc936.c...
compiling ff.c...
compiling xuexiaomin.c...
compiling diskio.c...
compiling GUIConf.c...
compiling GUI_X_uCOS.c...
compiling GUI_X_Touch_Analog.c...
compiling WindowDLG.c...
compiling LCDConf_Lin_Template.c...
linking...
Program Size: Code=134238 RO-data=226438 RW-data=1800 ZI-data=72600  
FromELF: creating hex file...
"..\..\Output\SDRAM.axf" - 0 Error(s), 5 Warning(s).

<h2>Software Packages used:</h2>

Package Vendor: Keil
                http://www.keil.com/pack/Keil.STM32F4xx_DFP.2.11.0.pack
                Keil.STM32F4xx_DFP.2.11.0
                STMicroelectronics STM32F4 Series Device Support, Drivers and Examples

<h2>Collection of Component include folders:</h2>
  .\RTE\_SDRAM
  d:\Keil_v5\ARM\PACK\Keil\STM32F4xx_DFP\2.11.0\Drivers\CMSIS\Device\ST\STM32F4xx\Include

<h2>Collection of Component Files used:</h2>
Build Time Elapsed:  00:00:37
</pre>
</body>
</html>
