<!doctype html public "-//w3c//dtd html 4.0 transitional//en">
<html><head>
<title>Static Call Graph - [..\..\Output\SDRAM.axf]</title></head>
<body><HR>
<H1>Static Call Graph for image ..\..\Output\SDRAM.axf</H1><HR>
<BR><P>#&#060CALLGRAPH&#062# ARM Linker, 5060750: Last Updated: Sat Oct 06 09:47:09 2018
<BR><P>
<H3>Maximum Stack Usage =       1720 bytes + Unknown(Functions without stacksize, Cycles, Untraceable Function Pointers)</H3><H3>
Call chain for Maximum Stack Depth:</H3>
AppTaskStart &rArr; _ShowJPEG2 &rArr; GUI_JPEG_Draw &rArr; GUI_JPEG_DrawEx &rArr; _Draw &rArr; _DrawBanding &rArr; GUI_JPEG__DecodeProgressiveBanding &rArr; _InitScan &rArr; _CheckHuffmanTables &rArr; _CreateHuffmanTable
<P>
<H3>
Functions with no stack information
</H3><UL>
 <LI><a href="#[5eb]">CPU_IntDis</a>
 <LI><a href="#[5ec]">CPU_IntEn</a>
 <LI><a href="#[18e]">CPU_SR_Save</a>
 <LI><a href="#[192]">CPU_SR_Restore</a>
 <LI><a href="#[5ed]">CPU_WaitForInt</a>
 <LI><a href="#[5ee]">CPU_WaitForExcept</a>
 <LI><a href="#[422]">CPU_CntLeadZeros</a>
 <LI><a href="#[5ef]">CPU_CntTrailZeros</a>
 <LI><a href="#[5f0]">CPU_RevBits</a>
 <LI><a href="#[413]">OS_CPU_FP_Reg_Push</a>
 <LI><a href="#[414]">OS_CPU_FP_Reg_Pop</a>
 <LI><a href="#[171]">OSStartHighRdy</a>
 <LI><a href="#[3f4]">OSCtxSw</a>
 <LI><a href="#[3e1]">OSIntCtxSw</a>
 <LI><a href="#[20]">OS_CPU_PendSVHandler</a>
</UL>
</UL>
<P>
<H3>
Mutually Recursive functions
</H3> <LI><a href="#[34]">ADC_IRQHandler</a>&nbsp;&nbsp;&nbsp;&rArr;&nbsp;&nbsp;&nbsp;<a href="#[34]">ADC_IRQHandler</a><BR>
 <LI><a href="#[4f5]">WM__InvalidateRect</a>&nbsp;&nbsp;&nbsp;&rArr;&nbsp;&nbsp;&nbsp;<a href="#[4f5]">WM__InvalidateRect</a><BR>
 <LI><a href="#[4d6]">WM_InvalidateWindowAndDescsEx</a>&nbsp;&nbsp;&nbsp;&rArr;&nbsp;&nbsp;&nbsp;<a href="#[4d6]">WM_InvalidateWindowAndDescsEx</a><BR>
 <LI><a href="#[4d0]">WM__InvalidateDrawAndDescs</a>&nbsp;&nbsp;&nbsp;&rArr;&nbsp;&nbsp;&nbsp;<a href="#[4d0]">WM__InvalidateDrawAndDescs</a><BR>
 <LI><a href="#[3a1]">WM__SendMessage</a>&nbsp;&nbsp;&nbsp;&rArr;&nbsp;&nbsp;&nbsp;<a href="#[1be]">WM_DefaultProc</a><BR>
 <LI><a href="#[4f6]">_MoveDescendents</a>&nbsp;&nbsp;&nbsp;&rArr;&nbsp;&nbsp;&nbsp;<a href="#[4f6]">_MoveDescendents</a><BR>
 <LI><a href="#[4dc]">WM_ResizeWindow</a>&nbsp;&nbsp;&nbsp;&rArr;&nbsp;&nbsp;&nbsp;<a href="#[497]">WM__UpdateChildPositions</a><BR>
 <LI><a href="#[4bb]">WM__ForEachDesc</a>&nbsp;&nbsp;&nbsp;&rArr;&nbsp;&nbsp;&nbsp;<a href="#[4bb]">WM__ForEachDesc</a><BR>
 <LI><a href="#[53a]">_EnlargeBlocks</a>&nbsp;&nbsp;&nbsp;&rArr;&nbsp;&nbsp;&nbsp;<a href="#[25a]">_Alloc</a><BR>
 <LI><a href="#[53d]">_Findy1</a>&nbsp;&nbsp;&nbsp;&rArr;&nbsp;&nbsp;&nbsp;<a href="#[53d]">_Findy1</a><BR>
 <LI><a href="#[53f]">_Findx1</a>&nbsp;&nbsp;&nbsp;&rArr;&nbsp;&nbsp;&nbsp;<a href="#[53f]">_Findx1</a><BR>
 <LI><a href="#[53e]">_Findx0</a>&nbsp;&nbsp;&nbsp;&rArr;&nbsp;&nbsp;&nbsp;<a href="#[53e]">_Findx0</a><BR>
 <LI><a href="#[1c]">BusFault_Handler</a>&nbsp;&nbsp;&nbsp;&rArr;&nbsp;&nbsp;&nbsp;<a href="#[1c]">BusFault_Handler</a><BR>
 <LI><a href="#[4b6]">_DeleteAllChildren</a>&nbsp;&nbsp;&nbsp;&rArr;&nbsp;&nbsp;&nbsp;<a href="#[209]">WM_DeleteWindow</a><BR>
 <LI><a href="#[4be]">_GetDialogItem</a>&nbsp;&nbsp;&nbsp;&rArr;&nbsp;&nbsp;&nbsp;<a href="#[4be]">_GetDialogItem</a><BR>
 <LI><a href="#[1a]">HardFault_Handler</a>&nbsp;&nbsp;&nbsp;&rArr;&nbsp;&nbsp;&nbsp;<a href="#[1a]">HardFault_Handler</a><BR>
 <LI><a href="#[1b]">MemManage_Handler</a>&nbsp;&nbsp;&nbsp;&rArr;&nbsp;&nbsp;&nbsp;<a href="#[1b]">MemManage_Handler</a><BR>
 <LI><a href="#[1d]">UsageFault_Handler</a>&nbsp;&nbsp;&nbsp;&rArr;&nbsp;&nbsp;&nbsp;<a href="#[1d]">UsageFault_Handler</a><BR>
 <LI><a href="#[564]">_Screen2hWin</a>&nbsp;&nbsp;&nbsp;&rArr;&nbsp;&nbsp;&nbsp;<a href="#[564]">_Screen2hWin</a><BR>
 <LI><a href="#[231]">printhex</a>&nbsp;&nbsp;&nbsp;&rArr;&nbsp;&nbsp;&nbsp;<a href="#[231]">printhex</a><BR>
 <LI><a href="#[22d]">printdec</a>&nbsp;&nbsp;&nbsp;&rArr;&nbsp;&nbsp;&nbsp;<a href="#[22d]">printdec</a><BR>
 <LI><a href="#[230]">printbin</a>&nbsp;&nbsp;&nbsp;&rArr;&nbsp;&nbsp;&nbsp;<a href="#[230]">printbin</a><BR>
 <LI><a href="#[178]">Usart_Senddec</a>&nbsp;&nbsp;&nbsp;&rArr;&nbsp;&nbsp;&nbsp;<a href="#[178]">Usart_Senddec</a><BR>
 <LI><a href="#[5a0]">disk_write</a>&nbsp;&nbsp;&nbsp;&rArr;&nbsp;&nbsp;&nbsp;<a href="#[5a0]">disk_write</a><BR>
 <LI><a href="#[59e]">disk_read</a>&nbsp;&nbsp;&nbsp;&rArr;&nbsp;&nbsp;&nbsp;<a href="#[59e]">disk_read</a><BR>
 <LI><a href="#[4fa]">_PaintTransChildren</a>&nbsp;&nbsp;&nbsp;&rArr;&nbsp;&nbsp;&nbsp;<a href="#[4fa]">_PaintTransChildren</a><BR>
 <LI><a href="#[1da]">CPU_SW_Exception</a>&nbsp;&nbsp;&nbsp;&rArr;&nbsp;&nbsp;&nbsp;<a href="#[1da]">CPU_SW_Exception</a><BR>
 <LI><a href="#[4d5]">WM_InvalidateWindowAndDescs</a>&nbsp;&nbsp;&nbsp;&rArr;&nbsp;&nbsp;&nbsp;<a href="#[4d5]">WM_InvalidateWindowAndDescs</a><BR>
 <LI><a href="#[512]">_InvertAlpha</a>&nbsp;&nbsp;&nbsp;&rArr;&nbsp;&nbsp;&nbsp;<a href="#[512]">_InvertAlpha</a><BR>
</UL>
<P>
<H3>
Function Pointers
</H3><UL>
 <LI><a href="#[34]">ADC_IRQHandler</a> from startup_stm32f429_439xx.o(.text) referenced from startup_stm32f429_439xx.o(RESET)
 <LI><a href="#[81]">AppTaskLed1</a> from app.o(i.AppTaskLed1) referenced from app.o(i.AppTaskStart)
 <LI><a href="#[83]">AppTaskLed3</a> from app.o(i.AppTaskLed3) referenced from app.o(i.AppTaskStart)
 <LI><a href="#[85]">AppTaskLight</a> from app.o(i.AppTaskLight) referenced from app.o(i.AppTaskStart)
 <LI><a href="#[84]">AppTaskPower</a> from app.o(i.AppTaskPower) referenced from app.o(i.AppTaskStart)
 <LI><a href="#[80]">AppTaskShowBQ</a> from app.o(i.AppTaskShowBQ) referenced from app.o(i.AppTaskStart)
 <LI><a href="#[e7]">AppTaskStart</a> from app.o(i.AppTaskStart) referenced from app.o(i.main)
 <LI><a href="#[87]">AppTaskTouch</a> from app.o(i.AppTaskTouch) referenced from app.o(i.AppTaskStart)
 <LI><a href="#[86]">AppTaskTouchScan</a> from app.o(i.AppTaskTouchScan) referenced from app.o(i.AppTaskStart)
 <LI><a href="#[88]">AppTaskWindow</a> from app.o(i.AppTaskWindow) referenced from app.o(i.AppTaskStart)
 <LI><a href="#[82]">AppTasktalk</a> from app.o(i.AppTasktalk) referenced from app.o(i.AppTaskStart)
 <LI><a href="#[89]">BUTTON_Callback</a> from button.o(i.BUTTON_Callback) referenced from button.o(i.BUTTON_CreateUser)
 <LI><a href="#[ea]">BUTTON_CreateIndirect</a> from button.o(i.BUTTON_CreateIndirect) referenced 2 times from windowdlg.o(.constdata)
 <LI><a href="#[8]">BUTTON_DrawSkinFlex</a> from button_skinflex.o(i.BUTTON_DrawSkinFlex) referenced 2 times from button.o(.data)
 <LI><a href="#[1c]">BusFault_Handler</a> from stm32f4xx_it.o(i.BusFault_Handler) referenced from startup_stm32f429_439xx.o(RESET)
 <LI><a href="#[36]">CAN1_RX0_IRQHandler</a> from startup_stm32f429_439xx.o(.text) referenced from startup_stm32f429_439xx.o(RESET)
 <LI><a href="#[37]">CAN1_RX1_IRQHandler</a> from startup_stm32f429_439xx.o(.text) referenced from startup_stm32f429_439xx.o(RESET)
 <LI><a href="#[38]">CAN1_SCE_IRQHandler</a> from startup_stm32f429_439xx.o(.text) referenced from startup_stm32f429_439xx.o(RESET)
 <LI><a href="#[35]">CAN1_TX_IRQHandler</a> from startup_stm32f429_439xx.o(.text) referenced from startup_stm32f429_439xx.o(RESET)
 <LI><a href="#[62]">CAN2_RX0_IRQHandler</a> from startup_stm32f429_439xx.o(.text) referenced from startup_stm32f429_439xx.o(RESET)
 <LI><a href="#[63]">CAN2_RX1_IRQHandler</a> from startup_stm32f429_439xx.o(.text) referenced from startup_stm32f429_439xx.o(RESET)
 <LI><a href="#[64]">CAN2_SCE_IRQHandler</a> from startup_stm32f429_439xx.o(.text) referenced from startup_stm32f429_439xx.o(RESET)
 <LI><a href="#[61]">CAN2_TX_IRQHandler</a> from startup_stm32f429_439xx.o(.text) referenced from startup_stm32f429_439xx.o(RESET)
 <LI><a href="#[71]">CRYP_IRQHandler</a> from startup_stm32f429_439xx.o(.text) referenced from startup_stm32f429_439xx.o(RESET)
 <LI><a href="#[70]">DCMI_IRQHandler</a> from startup_stm32f429_439xx.o(.text) referenced from startup_stm32f429_439xx.o(RESET)
 <LI><a href="#[2d]">DMA1_Stream0_IRQHandler</a> from startup_stm32f429_439xx.o(.text) referenced from startup_stm32f429_439xx.o(RESET)
 <LI><a href="#[2e]">DMA1_Stream1_IRQHandler</a> from startup_stm32f429_439xx.o(.text) referenced from startup_stm32f429_439xx.o(RESET)
 <LI><a href="#[2f]">DMA1_Stream2_IRQHandler</a> from startup_stm32f429_439xx.o(.text) referenced from startup_stm32f429_439xx.o(RESET)
 <LI><a href="#[30]">DMA1_Stream3_IRQHandler</a> from startup_stm32f429_439xx.o(.text) referenced from startup_stm32f429_439xx.o(RESET)
 <LI><a href="#[31]">DMA1_Stream4_IRQHandler</a> from startup_stm32f429_439xx.o(.text) referenced from startup_stm32f429_439xx.o(RESET)
 <LI><a href="#[32]">DMA1_Stream5_IRQHandler</a> from startup_stm32f429_439xx.o(.text) referenced from startup_stm32f429_439xx.o(RESET)
 <LI><a href="#[33]">DMA1_Stream6_IRQHandler</a> from startup_stm32f429_439xx.o(.text) referenced from startup_stm32f429_439xx.o(RESET)
 <LI><a href="#[51]">DMA1_Stream7_IRQHandler</a> from startup_stm32f429_439xx.o(.text) referenced from startup_stm32f429_439xx.o(RESET)
 <LI><a href="#[7c]">DMA2D_IRQHandler</a> from lcdconf_lin_template.o(i.DMA2D_IRQHandler) referenced from startup_stm32f429_439xx.o(RESET)
 <LI><a href="#[5a]">DMA2_Stream0_IRQHandler</a> from startup_stm32f429_439xx.o(.text) referenced from startup_stm32f429_439xx.o(RESET)
 <LI><a href="#[5b]">DMA2_Stream1_IRQHandler</a> from startup_stm32f429_439xx.o(.text) referenced from startup_stm32f429_439xx.o(RESET)
 <LI><a href="#[5c]">DMA2_Stream2_IRQHandler</a> from startup_stm32f429_439xx.o(.text) referenced from startup_stm32f429_439xx.o(RESET)
 <LI><a href="#[5d]">DMA2_Stream3_IRQHandler</a> from bsp_sdio_sd.o(i.DMA2_Stream3_IRQHandler) referenced from startup_stm32f429_439xx.o(RESET)
 <LI><a href="#[5e]">DMA2_Stream4_IRQHandler</a> from startup_stm32f429_439xx.o(.text) referenced from startup_stm32f429_439xx.o(RESET)
 <LI><a href="#[66]">DMA2_Stream5_IRQHandler</a> from startup_stm32f429_439xx.o(.text) referenced from startup_stm32f429_439xx.o(RESET)
 <LI><a href="#[67]">DMA2_Stream6_IRQHandler</a> from startup_stm32f429_439xx.o(.text) referenced from startup_stm32f429_439xx.o(RESET)
 <LI><a href="#[68]">DMA2_Stream7_IRQHandler</a> from startup_stm32f429_439xx.o(.text) referenced from startup_stm32f429_439xx.o(RESET)
 <LI><a href="#[8b]">DROPDOWN_Callback</a> from dropdown.o(i.DROPDOWN_Callback) referenced from dropdown.o(i.DROPDOWN_CreateUser)
 <LI><a href="#[e9]">DROPDOWN_CreateIndirect</a> from dropdown.o(i.DROPDOWN_CreateIndirect) referenced 5 times from windowdlg.o(.constdata)
 <LI><a href="#[9]">DROPDOWN_DrawSkinFlex</a> from dropdown_skinflex.o(i.DROPDOWN_DrawSkinFlex) referenced 2 times from dropdown.o(.data)
 <LI><a href="#[1f]">DebugMon_Handler</a> from stm32f4xx_it.o(i.DebugMon_Handler) referenced from startup_stm32f429_439xx.o(RESET)
 <LI><a href="#[5f]">ETH_IRQHandler</a> from startup_stm32f429_439xx.o(.text) referenced from startup_stm32f429_439xx.o(RESET)
 <LI><a href="#[60]">ETH_WKUP_IRQHandler</a> from startup_stm32f429_439xx.o(.text) referenced from startup_stm32f429_439xx.o(RESET)
 <LI><a href="#[28]">EXTI0_IRQHandler</a> from startup_stm32f429_439xx.o(.text) referenced from startup_stm32f429_439xx.o(RESET)
 <LI><a href="#[4a]">EXTI15_10_IRQHandler</a> from startup_stm32f429_439xx.o(.text) referenced from startup_stm32f429_439xx.o(RESET)
 <LI><a href="#[29]">EXTI1_IRQHandler</a> from startup_stm32f429_439xx.o(.text) referenced from startup_stm32f429_439xx.o(RESET)
 <LI><a href="#[2a]">EXTI2_IRQHandler</a> from startup_stm32f429_439xx.o(.text) referenced from startup_stm32f429_439xx.o(RESET)
 <LI><a href="#[2b]">EXTI3_IRQHandler</a> from startup_stm32f429_439xx.o(.text) referenced from startup_stm32f429_439xx.o(RESET)
 <LI><a href="#[2c]">EXTI4_IRQHandler</a> from startup_stm32f429_439xx.o(.text) referenced from startup_stm32f429_439xx.o(RESET)
 <LI><a href="#[39]">EXTI9_5_IRQHandler</a> from startup_stm32f429_439xx.o(.text) referenced from startup_stm32f429_439xx.o(RESET)
 <LI><a href="#[26]">FLASH_IRQHandler</a> from startup_stm32f429_439xx.o(.text) referenced from startup_stm32f429_439xx.o(RESET)
 <LI><a href="#[52]">FMC_IRQHandler</a> from startup_stm32f429_439xx.o(.text) referenced from startup_stm32f429_439xx.o(RESET)
 <LI><a href="#[73]">FPU_IRQHandler</a> from startup_stm32f429_439xx.o(.text) referenced from startup_stm32f429_439xx.o(RESET)
 <LI><a href="#[c4]">GT9147_Scan</a> from gt9147.o(i.GT9147_Scan) referenced from touch.o(i.TP_Init)
 <LI><a href="#[122]">GUIMONO_DispChar</a> from gui_charm.o(i.GUIMONO_DispChar) referenced 2 times from f8x16.o(.constdata)
 <LI><a href="#[123]">GUIMONO_GetCharDistX</a> from gui_charm.o(i.GUIMONO_GetCharDistX) referenced 2 times from f8x16.o(.constdata)
 <LI><a href="#[124]">GUIMONO_GetFontInfo</a> from gui_charm.o(i.GUIMONO_GetFontInfo) referenced 2 times from f8x16.o(.constdata)
 <LI><a href="#[125]">GUIMONO_IsInFont</a> from gui_charm.o(i.GUIMONO_IsInFont) referenced 2 times from f8x16.o(.constdata)
 <LI><a href="#[126]">GUIPROP_DispChar</a> from gui_charp.o(i.GUIPROP_DispChar) referenced 3 times from f24_ascii.o(.constdata)
 <LI><a href="#[127]">GUIPROP_GetCharDistX</a> from gui_charp.o(i.GUIPROP_GetCharDistX) referenced 3 times from f24_ascii.o(.constdata)
 <LI><a href="#[128]">GUIPROP_GetFontInfo</a> from gui_charp.o(i.GUIPROP_GetFontInfo) referenced 3 times from f24_ascii.o(.constdata)
 <LI><a href="#[129]">GUIPROP_IsInFont</a> from gui_charp.o(i.GUIPROP_IsInFont) referenced 3 times from f24_ascii.o(.constdata)
 <LI><a href="#[be]">GUI_DrawGradientH</a> from gui_drawgradient.o(i.GUI_DrawGradientH) referenced from scrollbar_skinflex.o(i.SCROLLBAR_DrawSkinFlex)
 <LI><a href="#[c1]">GUI_DrawGradientV</a> from gui_drawgradient.o(i.GUI_DrawGradientV) referenced from scrollbar_skinflex.o(i.SCROLLBAR_DrawSkinFlex)
 <LI><a href="#[8f]">GUI_GIF__GetData</a> from gui_gif.o(i.GUI_GIF__GetData) referenced from gui_gif_drawscaled.o(i.GUI_GIF_DrawSubScaled)
 <LI><a href="#[8f]">GUI_GIF__GetData</a> from gui_gif.o(i.GUI_GIF__GetData) referenced from gui_gif.o(i.GUI_GIF_GetImageInfo)
 <LI><a href="#[8f]">GUI_GIF__GetData</a> from gui_gif.o(i.GUI_GIF__GetData) referenced from gui_gif.o(i.GUI_GIF_GetInfo)
 <LI><a href="#[92]">GUI_JPEG__GetData</a> from gui_jpeg.o(i.GUI_JPEG__GetData) referenced from gui_jpeg.o(i.GUI_JPEG_Draw)
 <LI><a href="#[92]">GUI_JPEG__GetData</a> from gui_jpeg.o(i.GUI_JPEG__GetData) referenced from gui_jpeg.o(i.GUI_JPEG_GetInfo)
 <LI><a href="#[e3]">GUI_MEMDEV_Paint1Static</a> from guidev_staticdevices.o(i.GUI_MEMDEV_Paint1Static) referenced from wm.o(i._Paint1)
 <LI><a href="#[e2]">GUI_MEMDEV__WriteToActiveAlpha</a> from guidev_writetoactivealpha.o(i.GUI_MEMDEV__WriteToActiveAlpha) referenced from guidev_32.o(i._GetDevFunc)
 <LI><a href="#[e1]">GUI_MEMDEV__WriteToActiveOpaque</a> from guidev_writetoactiveopaque.o(i.GUI_MEMDEV__WriteToActiveOpaque) referenced from guidev_16.o(i._GetDevFunc)
 <LI><a href="#[9b]">GUI_TIMER_Exec</a> from gui_timer.o(i.GUI_TIMER_Exec) referenced from gui_timer.o(i.GUI_TIMER_Create)
 <LI><a href="#[151]">GUI_USAGE_BM_AddHLine</a> from guidev_usagebm.o(i.GUI_USAGE_BM_AddHLine) referenced from guidev_usagebm.o(.constdata)
 <LI><a href="#[150]">GUI_USAGE_BM_AddPixel</a> from guidev_usagebm.o(i.GUI_USAGE_BM_AddPixel) referenced from guidev_usagebm.o(.constdata)
 <LI><a href="#[152]">GUI_USAGE_BM_Clear</a> from guidev_usagebm.o(i.GUI_USAGE_BM_Clear) referenced from guidev_usagebm.o(.constdata)
 <LI><a href="#[154]">GUI_USAGE_BM_GetNextDirty</a> from guidev_usagebm.o(i.GUI_USAGE_BM_GetNextDirty) referenced from guidev_usagebm.o(.constdata)
 <LI><a href="#[f]">GUI_X_ExecIdle</a> from gui_x_ucos.o(i.GUI_X_ExecIdle) referenced 2 times from gui_waitevent.o(.data)
 <LI><a href="#[4]">GUI__MixColors</a> from gui__alpha.o(i.GUI__MixColors) referenced 2 times from gui__alpha.o(.data)
 <LI><a href="#[5]">GUI__MixColorsBulk</a> from gui__alpha.o(i.GUI__MixColorsBulk) referenced 2 times from gui__alpha.o(.data)
 <LI><a href="#[72]">HASH_RNG_IRQHandler</a> from startup_stm32f429_439xx.o(.text) referenced from startup_stm32f429_439xx.o(RESET)
 <LI><a href="#[1a]">HardFault_Handler</a> from stm32f4xx_it.o(i.HardFault_Handler) referenced from startup_stm32f429_439xx.o(RESET)
 <LI><a href="#[42]">I2C1_ER_IRQHandler</a> from startup_stm32f429_439xx.o(.text) referenced from startup_stm32f429_439xx.o(RESET)
 <LI><a href="#[41]">I2C1_EV_IRQHandler</a> from startup_stm32f429_439xx.o(.text) referenced from startup_stm32f429_439xx.o(RESET)
 <LI><a href="#[44]">I2C2_ER_IRQHandler</a> from startup_stm32f429_439xx.o(.text) referenced from startup_stm32f429_439xx.o(RESET)
 <LI><a href="#[43]">I2C2_EV_IRQHandler</a> from startup_stm32f429_439xx.o(.text) referenced from startup_stm32f429_439xx.o(RESET)
 <LI><a href="#[6b]">I2C3_ER_IRQHandler</a> from startup_stm32f429_439xx.o(.text) referenced from startup_stm32f429_439xx.o(RESET)
 <LI><a href="#[6a]">I2C3_EV_IRQHandler</a> from startup_stm32f429_439xx.o(.text) referenced from startup_stm32f429_439xx.o(RESET)
 <LI><a href="#[15]">LCD_AA_MixColors16</a> from lcd_aa.o(i.LCD_AA_MixColors16) referenced 2 times from lcd_aa.o(.data)
 <LI><a href="#[f1]">LCD_Color2Index_8666</a> from guicc_8666.o(i.LCD_Color2Index_8666) referenced from guicc_8666.o(.constdata)
 <LI><a href="#[8e]">LCD_DrawHLine</a> from lcd.o(i.LCD_DrawHLine) referenced from gui_core.o(.constdata)
 <LI><a href="#[8e]">LCD_DrawHLine</a> from lcd.o(i.LCD_DrawHLine) referenced from gui_drawgradient.o(i.GUI_DrawGradientV)
 <LI><a href="#[108]">LCD_DrawPixel</a> from lcd.o(i.LCD_DrawPixel) referenced from gui_core.o(.constdata)
 <LI><a href="#[8d]">LCD_DrawVLine</a> from lcd.o(i.LCD_DrawVLine) referenced from gui_drawgradient.o(i.GUI_DrawGradientH)
 <LI><a href="#[6]">LCD_GetpPalConvTableBM</a> from lcd_color.o(i.LCD_GetpPalConvTableBM) referenced 2 times from gui_core.o(.data)
 <LI><a href="#[f2]">LCD_Index2Color_8666</a> from guicc_8666.o(i.LCD_Index2Color_8666) referenced from guicc_8666.o(.constdata)
 <LI><a href="#[9f]">LCD_Index2Color_888</a> from guicc_888_index2color.o(i.LCD_Index2Color_888) referenced from gui__alpha.o(i.GUI__DoAlphaBlending)
 <LI><a href="#[9e]">LCD_Index2Color_8888</a> from guicc_8888_index2color.o(i.LCD_Index2Color_8888) referenced from guicc_8888.o(.constdata)
 <LI><a href="#[9e]">LCD_Index2Color_8888</a> from guicc_8888_index2color.o(i.LCD_Index2Color_8888) referenced from gui__alpha.o(i.GUI__DoAlphaBlending)
 <LI><a href="#[9e]">LCD_Index2Color_8888</a> from guicc_8888_index2color.o(i.LCD_Index2Color_8888) referenced from guidev_writetoactivealpha.o(i._WriteToActiveAlpha)
 <LI><a href="#[10a]">LCD_Index2Color_M565</a> from guicc_m565.o(i.LCD_Index2Color_M565) referenced from guicc_m565.o(.constdata)
 <LI><a href="#[10f]">LCD_Index2Color_M888</a> from guicc_m888_index2color.o(i.LCD_Index2Color_M888) referenced from guicc_m888.o(.constdata)
 <LI><a href="#[104]">LCD_Index2Color_M8888I</a> from guicc_m8888i_index2color.o(i.LCD_Index2Color_M8888I) referenced from guicc_m8888i.o(.constdata)
 <LI><a href="#[b5]">LISTBOX_Callback</a> from listbox.o(i.LISTBOX_Callback) referenced from listbox.o(i.LISTBOX_CreateUser)
 <LI><a href="#[b6]">LISTBOX_OwnerDraw</a> from listbox.o(i.LISTBOX_OwnerDraw) referenced from listbox.o(i.LISTBOX_CreateUser)
 <LI><a href="#[7b]">LTDC_ER_IRQHandler</a> from startup_stm32f429_439xx.o(.text) referenced from startup_stm32f429_439xx.o(RESET)
 <LI><a href="#[7a]">LTDC_IRQHandler</a> from lcdconf_lin_template.o(i.LTDC_IRQHandler) referenced from startup_stm32f429_439xx.o(RESET)
 <LI><a href="#[1b]">MemManage_Handler</a> from stm32f4xx_it.o(i.MemManage_Handler) referenced from startup_stm32f429_439xx.o(RESET)
 <LI><a href="#[19]">NMI_Handler</a> from stm32f4xx_it.o(i.NMI_Handler) referenced from startup_stm32f429_439xx.o(RESET)
 <LI><a href="#[20]">OS_CPU_PendSVHandler</a> from os_cpu_a.o(CODE) referenced from startup_stm32f429_439xx.o(RESET)
 <LI><a href="#[21]">OS_CPU_SysTickHandler</a> from os_cpu_c.o(i.OS_CPU_SysTickHandler) referenced from startup_stm32f429_439xx.o(RESET)
 <LI><a href="#[b8]">OS_IdleTask</a> from os_core.o(i.OS_IdleTask) referenced from os_core.o(i.OS_IdleTaskInit)
 <LI><a href="#[b9]">OS_StatTask</a> from os_stat.o(i.OS_StatTask) referenced from os_stat.o(i.OS_StatTaskInit)
 <LI><a href="#[b7]">OS_TaskReturn</a> from os_task.o(i.OS_TaskReturn) referenced from os_cpu_c.o(i.OSTaskStkInit)
 <LI><a href="#[ba]">OS_TickTask</a> from os_tick.o(i.OS_TickTask) referenced from os_tick.o(i.OS_TickTaskInit)
 <LI><a href="#[bb]">OS_TmrTask</a> from os_tmr.o(i.OS_TmrTask) referenced from os_tmr.o(i.OS_TmrInit)
 <LI><a href="#[65]">OTG_FS_IRQHandler</a> from startup_stm32f429_439xx.o(.text) referenced from startup_stm32f429_439xx.o(RESET)
 <LI><a href="#[4c]">OTG_FS_WKUP_IRQHandler</a> from startup_stm32f429_439xx.o(.text) referenced from startup_stm32f429_439xx.o(RESET)
 <LI><a href="#[6d]">OTG_HS_EP1_IN_IRQHandler</a> from startup_stm32f429_439xx.o(.text) referenced from startup_stm32f429_439xx.o(RESET)
 <LI><a href="#[6c]">OTG_HS_EP1_OUT_IRQHandler</a> from startup_stm32f429_439xx.o(.text) referenced from startup_stm32f429_439xx.o(RESET)
 <LI><a href="#[6f]">OTG_HS_IRQHandler</a> from startup_stm32f429_439xx.o(.text) referenced from startup_stm32f429_439xx.o(RESET)
 <LI><a href="#[6e]">OTG_HS_WKUP_IRQHandler</a> from startup_stm32f429_439xx.o(.text) referenced from startup_stm32f429_439xx.o(RESET)
 <LI><a href="#[23]">PVD_IRQHandler</a> from startup_stm32f429_439xx.o(.text) referenced from startup_stm32f429_439xx.o(RESET)
 <LI><a href="#[27]">RCC_IRQHandler</a> from startup_stm32f429_439xx.o(.text) referenced from startup_stm32f429_439xx.o(RESET)
 <LI><a href="#[4b]">RTC_Alarm_IRQHandler</a> from startup_stm32f429_439xx.o(.text) referenced from startup_stm32f429_439xx.o(RESET)
 <LI><a href="#[25]">RTC_WKUP_IRQHandler</a> from startup_stm32f429_439xx.o(.text) referenced from startup_stm32f429_439xx.o(RESET)
 <LI><a href="#[18]">Reset_Handler</a> from startup_stm32f429_439xx.o(.text) referenced from startup_stm32f429_439xx.o(RESET)
 <LI><a href="#[79]">SAI1_IRQHandler</a> from startup_stm32f429_439xx.o(.text) referenced from startup_stm32f429_439xx.o(RESET)
 <LI><a href="#[bc]">SCROLLBAR_Callback</a> from scrollbar.o(i.SCROLLBAR_Callback) referenced from scrollbar.o(i.SCROLLBAR_CreateUser)
 <LI><a href="#[14]">SCROLLBAR_DrawSkinFlex</a> from scrollbar_skinflex.o(i.SCROLLBAR_DrawSkinFlex) referenced 2 times from scrollbar.o(.data)
 <LI><a href="#[53]">SDIO_IRQHandler</a> from bsp_sdio_sd.o(i.SDIO_IRQHandler) referenced from startup_stm32f429_439xx.o(RESET)
 <LI><a href="#[45]">SPI1_IRQHandler</a> from startup_stm32f429_439xx.o(.text) referenced from startup_stm32f429_439xx.o(RESET)
 <LI><a href="#[46]">SPI2_IRQHandler</a> from startup_stm32f429_439xx.o(.text) referenced from startup_stm32f429_439xx.o(RESET)
 <LI><a href="#[55]">SPI3_IRQHandler</a> from startup_stm32f429_439xx.o(.text) referenced from startup_stm32f429_439xx.o(RESET)
 <LI><a href="#[76]">SPI4_IRQHandler</a> from startup_stm32f429_439xx.o(.text) referenced from startup_stm32f429_439xx.o(RESET)
 <LI><a href="#[77]">SPI5_IRQHandler</a> from startup_stm32f429_439xx.o(.text) referenced from startup_stm32f429_439xx.o(RESET)
 <LI><a href="#[78]">SPI6_IRQHandler</a> from startup_stm32f429_439xx.o(.text) referenced from startup_stm32f429_439xx.o(RESET)
 <LI><a href="#[1e]">SVC_Handler</a> from stm32f4xx_it.o(i.SVC_Handler) referenced from startup_stm32f429_439xx.o(RESET)
 <LI><a href="#[7e]">SystemInit</a> from system_stm32f4xx.o(i.SystemInit) referenced from startup_stm32f429_439xx.o(.text)
 <LI><a href="#[24]">TAMP_STAMP_IRQHandler</a> from startup_stm32f429_439xx.o(.text) referenced from startup_stm32f429_439xx.o(RESET)
 <LI><a href="#[c3]">TEXT_Callback</a> from text.o(i.TEXT_Callback) referenced from text.o(i.TEXT_CreateUser)
 <LI><a href="#[eb]">TEXT_CreateIndirect</a> from text.o(i.TEXT_CreateIndirect) referenced 5 times from windowdlg.o(.constdata)
 <LI><a href="#[3a]">TIM1_BRK_TIM9_IRQHandler</a> from startup_stm32f429_439xx.o(.text) referenced from startup_stm32f429_439xx.o(RESET)
 <LI><a href="#[3d]">TIM1_CC_IRQHandler</a> from startup_stm32f429_439xx.o(.text) referenced from startup_stm32f429_439xx.o(RESET)
 <LI><a href="#[3c]">TIM1_TRG_COM_TIM11_IRQHandler</a> from startup_stm32f429_439xx.o(.text) referenced from startup_stm32f429_439xx.o(RESET)
 <LI><a href="#[3b]">TIM1_UP_TIM10_IRQHandler</a> from startup_stm32f429_439xx.o(.text) referenced from startup_stm32f429_439xx.o(RESET)
 <LI><a href="#[3e]">TIM2_IRQHandler</a> from startup_stm32f429_439xx.o(.text) referenced from startup_stm32f429_439xx.o(RESET)
 <LI><a href="#[3f]">TIM3_IRQHandler</a> from startup_stm32f429_439xx.o(.text) referenced from startup_stm32f429_439xx.o(RESET)
 <LI><a href="#[40]">TIM4_IRQHandler</a> from startup_stm32f429_439xx.o(.text) referenced from startup_stm32f429_439xx.o(RESET)
 <LI><a href="#[54]">TIM5_IRQHandler</a> from startup_stm32f429_439xx.o(.text) referenced from startup_stm32f429_439xx.o(RESET)
 <LI><a href="#[58]">TIM6_DAC_IRQHandler</a> from startup_stm32f429_439xx.o(.text) referenced from startup_stm32f429_439xx.o(RESET)
 <LI><a href="#[59]">TIM7_IRQHandler</a> from startup_stm32f429_439xx.o(.text) referenced from startup_stm32f429_439xx.o(RESET)
 <LI><a href="#[4d]">TIM8_BRK_TIM12_IRQHandler</a> from startup_stm32f429_439xx.o(.text) referenced from startup_stm32f429_439xx.o(RESET)
 <LI><a href="#[50]">TIM8_CC_IRQHandler</a> from startup_stm32f429_439xx.o(.text) referenced from startup_stm32f429_439xx.o(RESET)
 <LI><a href="#[4f]">TIM8_TRG_COM_TIM14_IRQHandler</a> from startup_stm32f429_439xx.o(.text) referenced from startup_stm32f429_439xx.o(RESET)
 <LI><a href="#[4e]">TIM8_UP_TIM13_IRQHandler</a> from startup_stm32f429_439xx.o(.text) referenced from startup_stm32f429_439xx.o(RESET)
 <LI><a href="#[3]">TP_Adjust</a> from touch.o(i.TP_Adjust) referenced 2 times from touch.o(.data)
 <LI><a href="#[1]">TP_Init</a> from touch.o(i.TP_Init) referenced 2 times from touch.o(.data)
 <LI><a href="#[2]">TP_Scan</a> from touch.o(i.TP_Scan) referenced 2 times from touch.o(.data)
 <LI><a href="#[56]">UART4_IRQHandler</a> from startup_stm32f429_439xx.o(.text) referenced from startup_stm32f429_439xx.o(RESET)
 <LI><a href="#[57]">UART5_IRQHandler</a> from startup_stm32f429_439xx.o(.text) referenced from startup_stm32f429_439xx.o(RESET)
 <LI><a href="#[74]">UART7_IRQHandler</a> from startup_stm32f429_439xx.o(.text) referenced from startup_stm32f429_439xx.o(RESET)
 <LI><a href="#[75]">UART8_IRQHandler</a> from startup_stm32f429_439xx.o(.text) referenced from startup_stm32f429_439xx.o(RESET)
 <LI><a href="#[47]">USART1_IRQHandler</a> from startup_stm32f429_439xx.o(.text) referenced from startup_stm32f429_439xx.o(RESET)
 <LI><a href="#[48]">USART2_IRQHandler</a> from startup_stm32f429_439xx.o(.text) referenced from startup_stm32f429_439xx.o(RESET)
 <LI><a href="#[49]">USART3_IRQHandler</a> from stm32f4xx_it.o(i.USART3_IRQHandler) referenced from startup_stm32f429_439xx.o(RESET)
 <LI><a href="#[69]">USART6_IRQHandler</a> from startup_stm32f429_439xx.o(.text) referenced from startup_stm32f429_439xx.o(RESET)
 <LI><a href="#[1d]">UsageFault_Handler</a> from stm32f4xx_it.o(i.UsageFault_Handler) referenced from startup_stm32f429_439xx.o(RESET)
 <LI><a href="#[c5]">WINDOW_Callback</a> from window.o(i.WINDOW_Callback) referenced from window.o(i.WINDOW_CreateUser)
 <LI><a href="#[e8]">WINDOW_CreateIndirect</a> from window.o(i.WINDOW_CreateIndirect) referenced from windowdlg.o(.constdata)
 <LI><a href="#[9a]">WM_HandlePID</a> from wm_touch.o(i.WM_HandlePID) referenced from gui_pid.o(i.GUI_PID_StoreState)
 <LI><a href="#[e4]">WM__Paint1</a> from wm.o(i.WM__Paint1) referenced from wm.o(i._Paint1)
 <LI><a href="#[22]">WWDG_IRQHandler</a> from startup_stm32f429_439xx.o(.text) referenced from startup_stm32f429_439xx.o(RESET)
 <LI><a href="#[cb]">_CalcPositions</a> from scrollbar_skin.o(i._CalcPositions) referenced from scrollbar_skin.o(i._Create)
 <LI><a href="#[13b]">_CalcSizeOfChar</a> from gui_uc_encodenone.o(i._CalcSizeOfChar) referenced from gui_uc_encodenone.o(.constdata)
 <LI><a href="#[90]">_ClearUnusedPixelsScaled</a> from gui_gif_drawscaled.o(i._ClearUnusedPixelsScaled) referenced from gui_gif_drawscaled.o(i.GUI_GIF_DrawSubScaledEx)
 <LI><a href="#[10c]">_Color2IndexBulk</a> from guicc_m565.o(i._Color2IndexBulk) referenced 3 times from guicc_m565.o(.constdata)
 <LI><a href="#[ef]">_Color2IndexBulk_1616I</a> from guicc_1616i.o(i._Color2IndexBulk_1616I) referenced from guicc_1616i.o(.constdata)
 <LI><a href="#[f7]">_Color2IndexBulk_88666I</a> from guicc_88666i.o(i._Color2IndexBulk_88666I) referenced from guicc_88666i.o(.constdata)
 <LI><a href="#[fc]">_Color2IndexBulk_M1555I</a> from guicc_m1555i.o(i._Color2IndexBulk_M1555I) referenced from guicc_m1555i.o(.constdata)
 <LI><a href="#[a9]">_Color2IndexBulk_M1555I_DMA2D</a> from lcdconf_lin_template.o(i._Color2IndexBulk_M1555I_DMA2D) referenced from lcdconf_lin_template.o(i.LCD_X_Config)
 <LI><a href="#[101]">_Color2IndexBulk_M4444I</a> from guicc_m4444i.o(i._Color2IndexBulk_M4444I) referenced from guicc_m4444i.o(.constdata)
 <LI><a href="#[ad]">_Color2IndexBulk_M4444I_DMA2D</a> from lcdconf_lin_template.o(i._Color2IndexBulk_M4444I_DMA2D) referenced from lcdconf_lin_template.o(i.LCD_X_Config)
 <LI><a href="#[ab]">_Color2IndexBulk_M565_DMA2D</a> from lcdconf_lin_template.o(i._Color2IndexBulk_M565_DMA2D) referenced from lcdconf_lin_template.o(i.LCD_X_Config)
 <LI><a href="#[106]">_Color2IndexBulk_M8888I</a> from guicc_m8888i.o(i._Color2IndexBulk_M8888I) referenced from guicc_m8888i.o(.constdata)
 <LI><a href="#[b1]">_Color2IndexBulk_M8888I_DMA2D</a> from lcdconf_lin_template.o(i._Color2IndexBulk_M8888I_DMA2D) referenced from lcdconf_lin_template.o(i.LCD_X_Config)
 <LI><a href="#[af]">_Color2IndexBulk_M888_DMA2D</a> from lcdconf_lin_template.o(i._Color2IndexBulk_M888_DMA2D) referenced from lcdconf_lin_template.o(i.LCD_X_Config)
 <LI><a href="#[13d]">_Color2Index_0</a> from guicc_0.o(i._Color2Index_0) referenced from guicc_0.o(.constdata)
 <LI><a href="#[136]">_Color2Index_16</a> from guicc_16.o(i._Color2Index_16) referenced from guicc_16.o(.constdata)
 <LI><a href="#[ec]">_Color2Index_1616I</a> from guicc_1616i.o(i._Color2Index_1616I) referenced from guicc_1616i.o(.constdata)
 <LI><a href="#[f4]">_Color2Index_88666I</a> from guicc_88666i.o(i._Color2Index_88666I) referenced from guicc_88666i.o(.constdata)
 <LI><a href="#[140]">_Color2Index_8888</a> from guicc_8888.o(i._Color2Index_8888) referenced from guicc_8888.o(.constdata)
 <LI><a href="#[f9]">_Color2Index_M1555I</a> from guicc_m1555i.o(i._Color2Index_M1555I) referenced from guicc_m1555i.o(.constdata)
 <LI><a href="#[fe]">_Color2Index_M4444I</a> from guicc_m4444i.o(i._Color2Index_M4444I) referenced from guicc_m4444i.o(.constdata)
 <LI><a href="#[109]">_Color2Index_M565</a> from guicc_m565.o(i._Color2Index_M565) referenced from guicc_m565.o(.constdata)
 <LI><a href="#[10e]">_Color2Index_M888</a> from guicc_m888.o(i._Color2Index_M888) referenced from guicc_m888.o(.constdata)
 <LI><a href="#[103]">_Color2Index_M8888I</a> from guicc_m8888i.o(i._Color2Index_M8888I) referenced from guicc_m8888i.o(.constdata)
 <LI><a href="#[dd]">_CopyBuffer</a> from guidrv_lin_16.o(i._CopyBuffer) referenced from guidrv_lin_16.o(i._GetDevFunc)
 <LI><a href="#[11]">_Create</a> from button_skin.o(i._Create) referenced 6 times from button_skin.o(.data)
 <LI><a href="#[b2]">_DMA_AlphaBlending</a> from lcdconf_lin_template.o(i._DMA_AlphaBlending) referenced from lcdconf_lin_template.o(i.LCD_X_Config)
 <LI><a href="#[cf]">_DecodeBlockAC_First</a> from gui_jpeg.o(i._DecodeBlockAC_First) referenced from gui_jpeg.o(i._DecodeProgressive)
 <LI><a href="#[96]">_DecodeBlockAC_FirstBanding</a> from gui_jpeg.o(i._DecodeBlockAC_FirstBanding) referenced from gui_jpeg.o(i.GUI_JPEG__DecodeProgressiveBanding)
 <LI><a href="#[ce]">_DecodeBlockAC_Refine</a> from gui_jpeg.o(i._DecodeBlockAC_Refine) referenced from gui_jpeg.o(i._DecodeProgressive)
 <LI><a href="#[95]">_DecodeBlockAC_RefineBanding</a> from gui_jpeg.o(i._DecodeBlockAC_RefineBanding) referenced from gui_jpeg.o(i.GUI_JPEG__DecodeProgressiveBanding)
 <LI><a href="#[cd]">_DecodeBlockDC_First</a> from gui_jpeg.o(i._DecodeBlockDC_First) referenced from gui_jpeg.o(i._DecodeProgressive)
 <LI><a href="#[94]">_DecodeBlockDC_FirstBanding</a> from gui_jpeg.o(i._DecodeBlockDC_FirstBanding) referenced from gui_jpeg.o(i.GUI_JPEG__DecodeProgressiveBanding)
 <LI><a href="#[cc]">_DecodeBlockDC_Refine</a> from gui_jpeg.o(i._DecodeBlockDC_Refine) referenced from gui_jpeg.o(i._DecodeProgressive)
 <LI><a href="#[93]">_DecodeBlockDC_RefineBanding</a> from gui_jpeg.o(i._DecodeBlockDC_RefineBanding) referenced from gui_jpeg.o(i.GUI_JPEG__DecodeProgressiveBanding)
 <LI><a href="#[c0]">_DrawBackgroundH</a> from scrollbar_skinflex.o(i._DrawBackgroundH) referenced from scrollbar_skinflex.o(i.SCROLLBAR_DrawSkinFlex)
 <LI><a href="#[bd]">_DrawBackgroundV</a> from scrollbar_skinflex.o(i._DrawBackgroundV) referenced from scrollbar_skinflex.o(i.SCROLLBAR_DrawSkinFlex)
 <LI><a href="#[116]">_DrawBitmap</a> from guidrv_lin_16.o(i._DrawBitmap) referenced 3 times from guidrv_lin_16.o(.constdata)
 <LI><a href="#[157]">_DrawDown</a> from widget_effect_simple.o(i._DrawDown) referenced from widget_effect_simple.o(.constdata)
 <LI><a href="#[158]">_DrawDownRect</a> from widget_effect_simple.o(i._DrawDownRect) referenced from widget_effect_simple.o(.constdata)
 <LI><a href="#[91]">_DrawFromDataBlockScaled</a> from gui_gif_drawscaled.o(i._DrawFromDataBlockScaled) referenced from gui_gif_drawscaled.o(i.GUI_GIF_DrawSubScaledEx)
 <LI><a href="#[c2]">_DrawGraspH</a> from scrollbar_skinflex.o(i._DrawGraspH) referenced from scrollbar_skinflex.o(i.SCROLLBAR_DrawSkinFlex)
 <LI><a href="#[bf]">_DrawGraspV</a> from scrollbar_skinflex.o(i._DrawGraspV) referenced from scrollbar_skinflex.o(i.SCROLLBAR_DrawSkinFlex)
 <LI><a href="#[117]">_DrawHLine</a> from guidrv_lin_16.o(i._DrawHLine) referenced 3 times from guidrv_lin_16.o(.constdata)
 <LI><a href="#[155]">_DrawUp</a> from widget_effect_simple.o(i._DrawUp) referenced from widget_effect_simple.o(.constdata)
 <LI><a href="#[156]">_DrawUpRect</a> from widget_effect_simple.o(i._DrawUpRect) referenced from widget_effect_simple.o(.constdata)
 <LI><a href="#[118]">_DrawVLine</a> from guidrv_lin_16.o(i._DrawVLine) referenced 3 times from guidrv_lin_16.o(.constdata)
 <LI><a href="#[13c]">_Encode</a> from gui_uc_encodenone.o(i._Encode) referenced from gui_uc_encodenone.o(.constdata)
 <LI><a href="#[119]">_FillRect</a> from guidrv_lin_16.o(i._FillRect) referenced 3 times from guidrv_lin_16.o(.constdata)
 <LI><a href="#[153]">_GUI_USAGE_BM_Delete</a> from guidev_usagebm.o(i._GUI_USAGE_BM_Delete) referenced from guidev_usagebm.o(.constdata)
 <LI><a href="#[139]">_GetCharCode</a> from gui_uc_encodenone.o(i._GetCharCode) referenced from gui_uc_encodenone.o(.constdata)
 <LI><a href="#[13a]">_GetCharSize</a> from gui_uc_encodenone.o(i._GetCharSize) referenced from gui_uc_encodenone.o(.constdata)
 <LI><a href="#[d]">_GetCharWrap</a> from gui__wrap.o(i._GetCharWrap) referenced 2 times from gui__wrap.o(.data)
 <LI><a href="#[120]">_GetDevData</a> from guidrv_lin_16.o(i._GetDevData) referenced 3 times from guidrv_lin_16.o(.constdata)
 <LI><a href="#[11e]">_GetDevFunc</a> from guidrv_lin_16.o(i._GetDevFunc) referenced 3 times from guidrv_lin_16.o(.constdata)
 <LI><a href="#[11f]">_GetDevProp</a> from guidrv_lin_16.o(i._GetDevProp) referenced 3 times from guidrv_lin_16.o(.constdata)
 <LI><a href="#[13f]">_GetIndexMask_0</a> from guicc_0.o(i._GetIndexMask_0) referenced from guicc_0.o(.constdata)
 <LI><a href="#[138]">_GetIndexMask_16</a> from guicc_16.o(i._GetIndexMask_16) referenced from guicc_16.o(.constdata)
 <LI><a href="#[ee]">_GetIndexMask_1616I</a> from guicc_1616i.o(i._GetIndexMask_1616I) referenced from guicc_1616i.o(.constdata)
 <LI><a href="#[f3]">_GetIndexMask_8666</a> from guicc_8666.o(i._GetIndexMask_8666) referenced from guicc_8666.o(.constdata)
 <LI><a href="#[f6]">_GetIndexMask_88666I</a> from guicc_88666i.o(i._GetIndexMask_88666I) referenced from guicc_88666i.o(.constdata)
 <LI><a href="#[141]">_GetIndexMask_8888</a> from guicc_8888.o(i._GetIndexMask_8888) referenced from guicc_8888.o(.constdata)
 <LI><a href="#[fb]">_GetIndexMask_M1555I</a> from guicc_m1555i.o(i._GetIndexMask_M1555I) referenced from guicc_m1555i.o(.constdata)
 <LI><a href="#[100]">_GetIndexMask_M4444I</a> from guicc_m4444i.o(i._GetIndexMask_M4444I) referenced from guicc_m4444i.o(.constdata)
 <LI><a href="#[10b]">_GetIndexMask_M565</a> from guicc_m565.o(i._GetIndexMask_M565) referenced from guicc_m565.o(.constdata)
 <LI><a href="#[110]">_GetIndexMask_M888</a> from guicc_m888.o(i._GetIndexMask_M888) referenced from guicc_m888.o(.constdata)
 <LI><a href="#[105]">_GetIndexMask_M8888I</a> from guicc_m8888i.o(i._GetIndexMask_M8888I) referenced from guicc_m8888i.o(.constdata)
 <LI><a href="#[11a]">_GetPixelIndex</a> from guidrv_lin_16.o(i._GetPixelIndex) referenced 3 times from guidrv_lin_16.o(.constdata)
 <LI><a href="#[d4]">_GetPos</a> from guidrv_lin_16.o(i._GetPos) referenced from guidrv_lin_16.o(i._GetDevFunc)
 <LI><a href="#[121]">_GetRect</a> from guidrv_lin_16.o(i._GetRect) referenced 3 times from guidrv_lin_16.o(.constdata)
 <LI><a href="#[e5]">_GetStuff</a> from gui_jpeg.o(i._GetStuff) referenced from gui_jpeg.o(i._StoreU8)
 <LI><a href="#[97]">_GetU8</a> from gui_jpeg.o(i._GetU8) referenced from gui_jpeg.o(i.GUI_JPEG__ReadUntilSOF)
 <LI><a href="#[97]">_GetU8</a> from gui_jpeg.o(i._GetU8) referenced from gui_jpeg.o(i._GetStuff)
 <LI><a href="#[c]">_GetWordWrap</a> from gui__wrap.o(i._GetWordWrap) referenced 2 times from gui__wrap.o(.data)
 <LI><a href="#[10d]">_Index2ColorBulk</a> from guicc_m565.o(i._Index2ColorBulk) referenced 3 times from guicc_m565.o(.constdata)
 <LI><a href="#[f0]">_Index2ColorBulk_1616I</a> from guicc_1616i.o(i._Index2ColorBulk_1616I) referenced from guicc_1616i.o(.constdata)
 <LI><a href="#[f8]">_Index2ColorBulk_88666I</a> from guicc_88666i.o(i._Index2ColorBulk_88666I) referenced from guicc_88666i.o(.constdata)
 <LI><a href="#[fd]">_Index2ColorBulk_M1555I</a> from guicc_m1555i.o(i._Index2ColorBulk_M1555I) referenced from guicc_m1555i.o(.constdata)
 <LI><a href="#[a8]">_Index2ColorBulk_M1555I_DMA2D</a> from lcdconf_lin_template.o(i._Index2ColorBulk_M1555I_DMA2D) referenced from lcdconf_lin_template.o(i.LCD_X_Config)
 <LI><a href="#[102]">_Index2ColorBulk_M4444I</a> from guicc_m4444i.o(i._Index2ColorBulk_M4444I) referenced from guicc_m4444i.o(.constdata)
 <LI><a href="#[ac]">_Index2ColorBulk_M4444I_DMA2D</a> from lcdconf_lin_template.o(i._Index2ColorBulk_M4444I_DMA2D) referenced from lcdconf_lin_template.o(i.LCD_X_Config)
 <LI><a href="#[aa]">_Index2ColorBulk_M565_DMA2D</a> from lcdconf_lin_template.o(i._Index2ColorBulk_M565_DMA2D) referenced from lcdconf_lin_template.o(i.LCD_X_Config)
 <LI><a href="#[107]">_Index2ColorBulk_M8888I</a> from guicc_m8888i.o(i._Index2ColorBulk_M8888I) referenced from guicc_m8888i.o(.constdata)
 <LI><a href="#[b0]">_Index2ColorBulk_M8888I_DMA2D</a> from lcdconf_lin_template.o(i._Index2ColorBulk_M8888I_DMA2D) referenced from lcdconf_lin_template.o(i.LCD_X_Config)
 <LI><a href="#[ae]">_Index2ColorBulk_M888_DMA2D</a> from lcdconf_lin_template.o(i._Index2ColorBulk_M888_DMA2D) referenced from lcdconf_lin_template.o(i.LCD_X_Config)
 <LI><a href="#[13e]">_Index2Color_0</a> from guicc_0.o(i._Index2Color_0) referenced from guicc_0.o(.constdata)
 <LI><a href="#[137]">_Index2Color_16</a> from guicc_16.o(i._Index2Color_16) referenced from guicc_16.o(.constdata)
 <LI><a href="#[ed]">_Index2Color_1616I</a> from guicc_1616i.o(i._Index2Color_1616I) referenced from guicc_1616i.o(.constdata)
 <LI><a href="#[f5]">_Index2Color_88666I</a> from guicc_88666i.o(i._Index2Color_88666I) referenced from guicc_88666i.o(.constdata)
 <LI><a href="#[fa]">_Index2Color_M1555I</a> from guicc_m1555i.o(i._Index2Color_M1555I) referenced from guicc_m1555i.o(.constdata)
 <LI><a href="#[ff]">_Index2Color_M4444I</a> from guicc_m4444i.o(i._Index2Color_M4444I) referenced from guicc_m4444i.o(.constdata)
 <LI><a href="#[d7]">_Init</a> from guidrv_lin_16.o(i._Init) referenced from guidrv_lin_16.o(i._GetDevFunc)
 <LI><a href="#[a2]">_LCD_CopyBuffer</a> from lcdconf_lin_template.o(i._LCD_CopyBuffer) referenced from lcdconf_lin_template.o(i.LCD_X_Config)
 <LI><a href="#[a3]">_LCD_CopyRect</a> from lcdconf_lin_template.o(i._LCD_CopyRect) referenced from lcdconf_lin_template.o(i.LCD_X_Config)
 <LI><a href="#[a6]">_LCD_DrawBitmap16bpp</a> from lcdconf_lin_template.o(i._LCD_DrawBitmap16bpp) referenced from lcdconf_lin_template.o(i.LCD_X_Config)
 <LI><a href="#[a7]">_LCD_DrawBitmap32bpp</a> from lcdconf_lin_template.o(i._LCD_DrawBitmap32bpp) referenced from lcdconf_lin_template.o(i.LCD_X_Config)
 <LI><a href="#[a5]">_LCD_DrawBitmap8bpp</a> from lcdconf_lin_template.o(i._LCD_DrawBitmap8bpp) referenced from lcdconf_lin_template.o(i.LCD_X_Config)
 <LI><a href="#[a4]">_LCD_FillRect</a> from lcdconf_lin_template.o(i._LCD_FillRect) referenced from lcdconf_lin_template.o(i.LCD_X_Config)
 <LI><a href="#[a4]">_LCD_FillRect</a> from lcdconf_lin_template.o(i._LCD_FillRect) referenced from lcdconf_lin_template.o(i._LCD_FillRect)
 <LI><a href="#[b3]">_LCD_GetpPalConvTable</a> from lcdconf_lin_template.o(i._LCD_GetpPalConvTable) referenced from lcdconf_lin_template.o(i.LCD_X_Config)
 <LI><a href="#[b4]">_LCD_MixColorsBulk</a> from lcdconf_lin_template.o(i._LCD_MixColorsBulk) referenced from lcdconf_lin_template.o(i.LCD_X_Config)
 <LI><a href="#[e]">_Log2VisBuffered</a> from gui_charline.o(i._Log2VisBuffered) referenced 2 times from gui_charline.o(.data)
 <LI><a href="#[d9]">_Off</a> from guidrv_lin_16.o(i._Off) referenced from guidrv_lin_16.o(i._GetDevFunc)
 <LI><a href="#[d8]">_On</a> from guidrv_lin_16.o(i._On) referenced from guidrv_lin_16.o(i._GetDevFunc)
 <LI><a href="#[8c]">_OnExit</a> from gui_task.o(i._OnExit) referenced from gui_task.o(i.GUITASK_Init)
 <LI><a href="#[98]">_OnExit</a> from gui_multibuf.o(i._OnExit) referenced from gui_multibuf.o(i.GUI_MULTIBUF_ConfigEx)
 <LI><a href="#[99]">_OnExit</a> from gui_pid.o(i._OnExit) referenced from gui_pid.o(i.GUI_PID_StoreState)
 <LI><a href="#[9c]">_OnExit</a> from gui_timer.o(i._OnExit) referenced from gui_timer.o(i.GUI_TIMER_Create)
 <LI><a href="#[9d]">_OnExit</a> from gui_core.o(i._OnExit) referenced from gui_core.o(i.GUI__Config)
 <LI><a href="#[a0]">_OnExit</a> from gui__alpha.o(i._OnExit) referenced from gui__alpha.o(i.GUI__GetAlphaBuffer)
 <LI><a href="#[a1]">_OnExit</a> from lcd_color.o(i._OnExit) referenced from lcd_color.o(i.LCD_InitColors)
 <LI><a href="#[c8]">_OnExit</a> from wm.o(i._OnExit) referenced from wm.o(i.WM_Init)
 <LI><a href="#[7]">_OnTouchDefault</a> from button.o(i._OnTouchDefault) referenced 2 times from button.o(.data)
 <LI><a href="#[10]">_Paint</a> from button_skin.o(i._Paint) referenced 6 times from button_skin.o(.data)
 <LI><a href="#[e0]">_ReadRect</a> from guidrv_lin_16.o(i._ReadRect) referenced from guidrv_lin_16.o(i._GetDevFunc)
 <LI><a href="#[d5]">_SetAlpha</a> from guidrv_lin_16.o(i._SetAlpha) referenced from guidrv_lin_16.o(i._GetDevFunc)
 <LI><a href="#[da]">_SetAlphaMode</a> from guidrv_lin_16.o(i._SetAlphaMode) referenced from guidrv_lin_16.o(i._GetDevFunc)
 <LI><a href="#[114]">_SetBkColor</a> from lcd.o(i._SetBkColor) referenced from lcd.o(.constdata)
 <LI><a href="#[dc]">_SetChroma</a> from guidrv_lin_16.o(i._SetChroma) referenced from guidrv_lin_16.o(i._GetDevFunc)
 <LI><a href="#[db]">_SetChromaMode</a> from guidrv_lin_16.o(i._SetChromaMode) referenced from guidrv_lin_16.o(i._GetDevFunc)
 <LI><a href="#[113]">_SetColor</a> from lcd.o(i._SetColor) referenced from lcd.o(.constdata)
 <LI><a href="#[df]">_SetDevFunc</a> from guidrv_lin_16.o(i._SetDevFunc) referenced from guidrv_lin_16.o(i._GetDevFunc)
 <LI><a href="#[115]">_SetDrawMode</a> from lcd.o(i._SetDrawMode) referenced from lcd.o(.constdata)
 <LI><a href="#[11d]">_SetOrg</a> from guidrv_lin_16.o(i._SetOrg) referenced 3 times from guidrv_lin_16.o(.constdata)
 <LI><a href="#[11b]">_SetPixelIndex</a> from guidrv_lin_16.o(i._SetPixelIndex) referenced 3 times from guidrv_lin_16.o(.constdata)
 <LI><a href="#[d3]">_SetPos</a> from guidrv_lin_16.o(i._SetPos) referenced from guidrv_lin_16.o(i._GetDevFunc)
 <LI><a href="#[d2]">_SetSize</a> from guidrv_lin_16.o(i._SetSize) referenced from guidrv_lin_16.o(i._GetDevFunc)
 <LI><a href="#[d0]">_SetVRAMAddr</a> from guidrv_lin_16.o(i._SetVRAMAddr) referenced from guidrv_lin_16.o(i._GetDevFunc)
 <LI><a href="#[d1]">_SetVSize</a> from guidrv_lin_16.o(i._SetVSize) referenced from guidrv_lin_16.o(i._GetDevFunc)
 <LI><a href="#[d6]">_SetVis</a> from guidrv_lin_16.o(i._SetVis) referenced from guidrv_lin_16.o(i._GetDevFunc)
 <LI><a href="#[de]">_ShowBuffer</a> from guidrv_lin_16.o(i._ShowBuffer) referenced from guidrv_lin_16.o(i._GetDevFunc)
 <LI><a href="#[11c]">_XorPixel</a> from guidrv_lin_16.o(i._XorPixel) referenced 3 times from guidrv_lin_16.o(.constdata)
 <LI><a href="#[7f]">__main</a> from entry.o(.ARM.Collect$$$$00000000) referenced from startup_stm32f429_439xx.o(.text)
 <LI><a href="#[c7]">_cbBackWin</a> from wm.o(i._cbBackWin) referenced from wm.o(i.WM_Init)
 <LI><a href="#[8a]">_cbDialog</a> from windowdlg.o(i._cbDialog) referenced from windowdlg.o(i.CreateWindow)
 <LI><a href="#[ca]">_cbInvalidateOne</a> from wm_bringtotop.o(i._cbInvalidateOne) referenced from wm_bringtotop.o(i._BringToTop)
 <LI><a href="#[c9]">_cbPaintMemDev</a> from wm.o(i._cbPaintMemDev) referenced from wm.o(i.WM__Paint)
 <LI><a href="#[c6]">_cbTimer</a> from wm_timer.o(i._cbTimer) referenced from wm_timer.o(i.WM_CreateTimer)
 <LI><a href="#[e6]">fputc</a> from bsp_usart3.o(i.fputc) referenced from printf8.o(i.__0printf$8)
 <LI><a href="#[7d]">main</a> from app.o(i.main) referenced from entry9a.o(.ARM.Collect$$$$0000000B)
 <LI><a href="#[b]">memcpy</a> from memmove.o(.text) referenced 2 times from gui__private.o(.data)
 <LI><a href="#[a]">memset</a> from memseta.o(.text) referenced 2 times from gui__private.o(.data)
</UL>
<P>
<H3>
Global Symbols
</H3>
<P><STRONG><a name="[7f]"></a>__main</STRONG> (Thumb, 0 bytes, Stack size unknown bytes, entry.o(.ARM.Collect$$$$00000000))
<BR>[Address Reference Count : 1]<UL><LI> startup_stm32f429_439xx.o(.text)
</UL>
<P><STRONG><a name="[5e5]"></a>_main_stk</STRONG> (Thumb, 0 bytes, Stack size unknown bytes, entry2.o(.ARM.Collect$$$$00000001))

<P><STRONG><a name="[159]"></a>_main_scatterload</STRONG> (Thumb, 0 bytes, Stack size unknown bytes, entry5.o(.ARM.Collect$$$$00000004))
<BR><BR>[Calls]<UL><LI><a href="#[15a]">&gt;&gt;</a>&nbsp;&nbsp;&nbsp;__scatterload
</UL>

<P><STRONG><a name="[16f]"></a>__main_after_scatterload</STRONG> (Thumb, 0 bytes, Stack size unknown bytes, entry5.o(.ARM.Collect$$$$00000004))
<BR><BR>[Called By]<UL><LI><a href="#[15a]">&gt;&gt;</a>&nbsp;&nbsp;&nbsp;__scatterload
</UL>

<P><STRONG><a name="[5e6]"></a>_main_clock</STRONG> (Thumb, 0 bytes, Stack size unknown bytes, entry7b.o(.ARM.Collect$$$$00000008))

<P><STRONG><a name="[5e7]"></a>_main_cpp_init</STRONG> (Thumb, 0 bytes, Stack size unknown bytes, entry8b.o(.ARM.Collect$$$$0000000A))

<P><STRONG><a name="[5e8]"></a>_main_init</STRONG> (Thumb, 0 bytes, Stack size unknown bytes, entry9a.o(.ARM.Collect$$$$0000000B))

<P><STRONG><a name="[5e9]"></a>__rt_final_cpp</STRONG> (Thumb, 0 bytes, Stack size unknown bytes, entry10a.o(.ARM.Collect$$$$0000000D))

<P><STRONG><a name="[5ea]"></a>__rt_final_exit</STRONG> (Thumb, 0 bytes, Stack size unknown bytes, entry11a.o(.ARM.Collect$$$$0000000F))

<P><STRONG><a name="[18]"></a>Reset_Handler</STRONG> (Thumb, 40 bytes, Stack size 0 bytes, startup_stm32f429_439xx.o(.text))
<BR>[Address Reference Count : 1]<UL><LI> startup_stm32f429_439xx.o(RESET)
</UL>
<P><STRONG><a name="[34]"></a>ADC_IRQHandler</STRONG> (Thumb, 0 bytes, Stack size 0 bytes, startup_stm32f429_439xx.o(.text))
<BR><BR>[Calls]<UL><LI><a href="#[34]">&gt;&gt;</a>&nbsp;&nbsp;&nbsp;ADC_IRQHandler
</UL>
<BR>[Called By]<UL><LI><a href="#[34]">&gt;&gt;</a>&nbsp;&nbsp;&nbsp;ADC_IRQHandler
</UL>
<BR>[Address Reference Count : 1]<UL><LI> startup_stm32f429_439xx.o(RESET)
</UL>
<P><STRONG><a name="[36]"></a>CAN1_RX0_IRQHandler</STRONG> (Thumb, 0 bytes, Stack size 0 bytes, startup_stm32f429_439xx.o(.text))
<BR>[Address Reference Count : 1]<UL><LI> startup_stm32f429_439xx.o(RESET)
</UL>
<P><STRONG><a name="[37]"></a>CAN1_RX1_IRQHandler</STRONG> (Thumb, 0 bytes, Stack size 0 bytes, startup_stm32f429_439xx.o(.text))
<BR>[Address Reference Count : 1]<UL><LI> startup_stm32f429_439xx.o(RESET)
</UL>
<P><STRONG><a name="[38]"></a>CAN1_SCE_IRQHandler</STRONG> (Thumb, 0 bytes, Stack size 0 bytes, startup_stm32f429_439xx.o(.text))
<BR>[Address Reference Count : 1]<UL><LI> startup_stm32f429_439xx.o(RESET)
</UL>
<P><STRONG><a name="[35]"></a>CAN1_TX_IRQHandler</STRONG> (Thumb, 0 bytes, Stack size 0 bytes, startup_stm32f429_439xx.o(.text))
<BR>[Address Reference Count : 1]<UL><LI> startup_stm32f429_439xx.o(RESET)
</UL>
<P><STRONG><a name="[62]"></a>CAN2_RX0_IRQHandler</STRONG> (Thumb, 0 bytes, Stack size 0 bytes, startup_stm32f429_439xx.o(.text))
<BR>[Address Reference Count : 1]<UL><LI> startup_stm32f429_439xx.o(RESET)
</UL>
<P><STRONG><a name="[63]"></a>CAN2_RX1_IRQHandler</STRONG> (Thumb, 0 bytes, Stack size 0 bytes, startup_stm32f429_439xx.o(.text))
<BR>[Address Reference Count : 1]<UL><LI> startup_stm32f429_439xx.o(RESET)
</UL>
<P><STRONG><a name="[64]"></a>CAN2_SCE_IRQHandler</STRONG> (Thumb, 0 bytes, Stack size 0 bytes, startup_stm32f429_439xx.o(.text))
<BR>[Address Reference Count : 1]<UL><LI> startup_stm32f429_439xx.o(RESET)
</UL>
<P><STRONG><a name="[61]"></a>CAN2_TX_IRQHandler</STRONG> (Thumb, 0 bytes, Stack size 0 bytes, startup_stm32f429_439xx.o(.text))
<BR>[Address Reference Count : 1]<UL><LI> startup_stm32f429_439xx.o(RESET)
</UL>
<P><STRONG><a name="[71]"></a>CRYP_IRQHandler</STRONG> (Thumb, 0 bytes, Stack size 0 bytes, startup_stm32f429_439xx.o(.text))
<BR>[Address Reference Count : 1]<UL><LI> startup_stm32f429_439xx.o(RESET)
</UL>
<P><STRONG><a name="[70]"></a>DCMI_IRQHandler</STRONG> (Thumb, 0 bytes, Stack size 0 bytes, startup_stm32f429_439xx.o(.text))
<BR>[Address Reference Count : 1]<UL><LI> startup_stm32f429_439xx.o(RESET)
</UL>
<P><STRONG><a name="[2d]"></a>DMA1_Stream0_IRQHandler</STRONG> (Thumb, 0 bytes, Stack size 0 bytes, startup_stm32f429_439xx.o(.text))
<BR>[Address Reference Count : 1]<UL><LI> startup_stm32f429_439xx.o(RESET)
</UL>
<P><STRONG><a name="[2e]"></a>DMA1_Stream1_IRQHandler</STRONG> (Thumb, 0 bytes, Stack size 0 bytes, startup_stm32f429_439xx.o(.text))
<BR>[Address Reference Count : 1]<UL><LI> startup_stm32f429_439xx.o(RESET)
</UL>
<P><STRONG><a name="[2f]"></a>DMA1_Stream2_IRQHandler</STRONG> (Thumb, 0 bytes, Stack size 0 bytes, startup_stm32f429_439xx.o(.text))
<BR>[Address Reference Count : 1]<UL><LI> startup_stm32f429_439xx.o(RESET)
</UL>
<P><STRONG><a name="[30]"></a>DMA1_Stream3_IRQHandler</STRONG> (Thumb, 0 bytes, Stack size 0 bytes, startup_stm32f429_439xx.o(.text))
<BR>[Address Reference Count : 1]<UL><LI> startup_stm32f429_439xx.o(RESET)
</UL>
<P><STRONG><a name="[31]"></a>DMA1_Stream4_IRQHandler</STRONG> (Thumb, 0 bytes, Stack size 0 bytes, startup_stm32f429_439xx.o(.text))
<BR>[Address Reference Count : 1]<UL><LI> startup_stm32f429_439xx.o(RESET)
</UL>
<P><STRONG><a name="[32]"></a>DMA1_Stream5_IRQHandler</STRONG> (Thumb, 0 bytes, Stack size 0 bytes, startup_stm32f429_439xx.o(.text))
<BR>[Address Reference Count : 1]<UL><LI> startup_stm32f429_439xx.o(RESET)
</UL>
<P><STRONG><a name="[33]"></a>DMA1_Stream6_IRQHandler</STRONG> (Thumb, 0 bytes, Stack size 0 bytes, startup_stm32f429_439xx.o(.text))
<BR>[Address Reference Count : 1]<UL><LI> startup_stm32f429_439xx.o(RESET)
</UL>
<P><STRONG><a name="[51]"></a>DMA1_Stream7_IRQHandler</STRONG> (Thumb, 0 bytes, Stack size 0 bytes, startup_stm32f429_439xx.o(.text))
<BR>[Address Reference Count : 1]<UL><LI> startup_stm32f429_439xx.o(RESET)
</UL>
<P><STRONG><a name="[5a]"></a>DMA2_Stream0_IRQHandler</STRONG> (Thumb, 0 bytes, Stack size 0 bytes, startup_stm32f429_439xx.o(.text))
<BR>[Address Reference Count : 1]<UL><LI> startup_stm32f429_439xx.o(RESET)
</UL>
<P><STRONG><a name="[5b]"></a>DMA2_Stream1_IRQHandler</STRONG> (Thumb, 0 bytes, Stack size 0 bytes, startup_stm32f429_439xx.o(.text))
<BR>[Address Reference Count : 1]<UL><LI> startup_stm32f429_439xx.o(RESET)
</UL>
<P><STRONG><a name="[5c]"></a>DMA2_Stream2_IRQHandler</STRONG> (Thumb, 0 bytes, Stack size 0 bytes, startup_stm32f429_439xx.o(.text))
<BR>[Address Reference Count : 1]<UL><LI> startup_stm32f429_439xx.o(RESET)
</UL>
<P><STRONG><a name="[5e]"></a>DMA2_Stream4_IRQHandler</STRONG> (Thumb, 0 bytes, Stack size 0 bytes, startup_stm32f429_439xx.o(.text))
<BR>[Address Reference Count : 1]<UL><LI> startup_stm32f429_439xx.o(RESET)
</UL>
<P><STRONG><a name="[66]"></a>DMA2_Stream5_IRQHandler</STRONG> (Thumb, 0 bytes, Stack size 0 bytes, startup_stm32f429_439xx.o(.text))
<BR>[Address Reference Count : 1]<UL><LI> startup_stm32f429_439xx.o(RESET)
</UL>
<P><STRONG><a name="[67]"></a>DMA2_Stream6_IRQHandler</STRONG> (Thumb, 0 bytes, Stack size 0 bytes, startup_stm32f429_439xx.o(.text))
<BR>[Address Reference Count : 1]<UL><LI> startup_stm32f429_439xx.o(RESET)
</UL>
<P><STRONG><a name="[68]"></a>DMA2_Stream7_IRQHandler</STRONG> (Thumb, 0 bytes, Stack size 0 bytes, startup_stm32f429_439xx.o(.text))
<BR>[Address Reference Count : 1]<UL><LI> startup_stm32f429_439xx.o(RESET)
</UL>
<P><STRONG><a name="[5f]"></a>ETH_IRQHandler</STRONG> (Thumb, 0 bytes, Stack size 0 bytes, startup_stm32f429_439xx.o(.text))
<BR>[Address Reference Count : 1]<UL><LI> startup_stm32f429_439xx.o(RESET)
</UL>
<P><STRONG><a name="[60]"></a>ETH_WKUP_IRQHandler</STRONG> (Thumb, 0 bytes, Stack size 0 bytes, startup_stm32f429_439xx.o(.text))
<BR>[Address Reference Count : 1]<UL><LI> startup_stm32f429_439xx.o(RESET)
</UL>
<P><STRONG><a name="[28]"></a>EXTI0_IRQHandler</STRONG> (Thumb, 0 bytes, Stack size 0 bytes, startup_stm32f429_439xx.o(.text))
<BR>[Address Reference Count : 1]<UL><LI> startup_stm32f429_439xx.o(RESET)
</UL>
<P><STRONG><a name="[4a]"></a>EXTI15_10_IRQHandler</STRONG> (Thumb, 0 bytes, Stack size 0 bytes, startup_stm32f429_439xx.o(.text))
<BR>[Address Reference Count : 1]<UL><LI> startup_stm32f429_439xx.o(RESET)
</UL>
<P><STRONG><a name="[29]"></a>EXTI1_IRQHandler</STRONG> (Thumb, 0 bytes, Stack size 0 bytes, startup_stm32f429_439xx.o(.text))
<BR>[Address Reference Count : 1]<UL><LI> startup_stm32f429_439xx.o(RESET)
</UL>
<P><STRONG><a name="[2a]"></a>EXTI2_IRQHandler</STRONG> (Thumb, 0 bytes, Stack size 0 bytes, startup_stm32f429_439xx.o(.text))
<BR>[Address Reference Count : 1]<UL><LI> startup_stm32f429_439xx.o(RESET)
</UL>
<P><STRONG><a name="[2b]"></a>EXTI3_IRQHandler</STRONG> (Thumb, 0 bytes, Stack size 0 bytes, startup_stm32f429_439xx.o(.text))
<BR>[Address Reference Count : 1]<UL><LI> startup_stm32f429_439xx.o(RESET)
</UL>
<P><STRONG><a name="[2c]"></a>EXTI4_IRQHandler</STRONG> (Thumb, 0 bytes, Stack size 0 bytes, startup_stm32f429_439xx.o(.text))
<BR>[Address Reference Count : 1]<UL><LI> startup_stm32f429_439xx.o(RESET)
</UL>
<P><STRONG><a name="[39]"></a>EXTI9_5_IRQHandler</STRONG> (Thumb, 0 bytes, Stack size 0 bytes, startup_stm32f429_439xx.o(.text))
<BR>[Address Reference Count : 1]<UL><LI> startup_stm32f429_439xx.o(RESET)
</UL>
<P><STRONG><a name="[26]"></a>FLASH_IRQHandler</STRONG> (Thumb, 0 bytes, Stack size 0 bytes, startup_stm32f429_439xx.o(.text))
<BR>[Address Reference Count : 1]<UL><LI> startup_stm32f429_439xx.o(RESET)
</UL>
<P><STRONG><a name="[52]"></a>FMC_IRQHandler</STRONG> (Thumb, 0 bytes, Stack size 0 bytes, startup_stm32f429_439xx.o(.text))
<BR>[Address Reference Count : 1]<UL><LI> startup_stm32f429_439xx.o(RESET)
</UL>
<P><STRONG><a name="[73]"></a>FPU_IRQHandler</STRONG> (Thumb, 0 bytes, Stack size 0 bytes, startup_stm32f429_439xx.o(.text))
<BR>[Address Reference Count : 1]<UL><LI> startup_stm32f429_439xx.o(RESET)
</UL>
<P><STRONG><a name="[72]"></a>HASH_RNG_IRQHandler</STRONG> (Thumb, 0 bytes, Stack size 0 bytes, startup_stm32f429_439xx.o(.text))
<BR>[Address Reference Count : 1]<UL><LI> startup_stm32f429_439xx.o(RESET)
</UL>
<P><STRONG><a name="[42]"></a>I2C1_ER_IRQHandler</STRONG> (Thumb, 0 bytes, Stack size 0 bytes, startup_stm32f429_439xx.o(.text))
<BR>[Address Reference Count : 1]<UL><LI> startup_stm32f429_439xx.o(RESET)
</UL>
<P><STRONG><a name="[41]"></a>I2C1_EV_IRQHandler</STRONG> (Thumb, 0 bytes, Stack size 0 bytes, startup_stm32f429_439xx.o(.text))
<BR>[Address Reference Count : 1]<UL><LI> startup_stm32f429_439xx.o(RESET)
</UL>
<P><STRONG><a name="[44]"></a>I2C2_ER_IRQHandler</STRONG> (Thumb, 0 bytes, Stack size 0 bytes, startup_stm32f429_439xx.o(.text))
<BR>[Address Reference Count : 1]<UL><LI> startup_stm32f429_439xx.o(RESET)
</UL>
<P><STRONG><a name="[43]"></a>I2C2_EV_IRQHandler</STRONG> (Thumb, 0 bytes, Stack size 0 bytes, startup_stm32f429_439xx.o(.text))
<BR>[Address Reference Count : 1]<UL><LI> startup_stm32f429_439xx.o(RESET)
</UL>
<P><STRONG><a name="[6b]"></a>I2C3_ER_IRQHandler</STRONG> (Thumb, 0 bytes, Stack size 0 bytes, startup_stm32f429_439xx.o(.text))
<BR>[Address Reference Count : 1]<UL><LI> startup_stm32f429_439xx.o(RESET)
</UL>
<P><STRONG><a name="[6a]"></a>I2C3_EV_IRQHandler</STRONG> (Thumb, 0 bytes, Stack size 0 bytes, startup_stm32f429_439xx.o(.text))
<BR>[Address Reference Count : 1]<UL><LI> startup_stm32f429_439xx.o(RESET)
</UL>
<P><STRONG><a name="[7b]"></a>LTDC_ER_IRQHandler</STRONG> (Thumb, 0 bytes, Stack size 0 bytes, startup_stm32f429_439xx.o(.text))
<BR>[Address Reference Count : 1]<UL><LI> startup_stm32f429_439xx.o(RESET)
</UL>
<P><STRONG><a name="[65]"></a>OTG_FS_IRQHandler</STRONG> (Thumb, 0 bytes, Stack size 0 bytes, startup_stm32f429_439xx.o(.text))
<BR>[Address Reference Count : 1]<UL><LI> startup_stm32f429_439xx.o(RESET)
</UL>
<P><STRONG><a name="[4c]"></a>OTG_FS_WKUP_IRQHandler</STRONG> (Thumb, 0 bytes, Stack size 0 bytes, startup_stm32f429_439xx.o(.text))
<BR>[Address Reference Count : 1]<UL><LI> startup_stm32f429_439xx.o(RESET)
</UL>
<P><STRONG><a name="[6d]"></a>OTG_HS_EP1_IN_IRQHandler</STRONG> (Thumb, 0 bytes, Stack size 0 bytes, startup_stm32f429_439xx.o(.text))
<BR>[Address Reference Count : 1]<UL><LI> startup_stm32f429_439xx.o(RESET)
</UL>
<P><STRONG><a name="[6c]"></a>OTG_HS_EP1_OUT_IRQHandler</STRONG> (Thumb, 0 bytes, Stack size 0 bytes, startup_stm32f429_439xx.o(.text))
<BR>[Address Reference Count : 1]<UL><LI> startup_stm32f429_439xx.o(RESET)
</UL>
<P><STRONG><a name="[6f]"></a>OTG_HS_IRQHandler</STRONG> (Thumb, 0 bytes, Stack size 0 bytes, startup_stm32f429_439xx.o(.text))
<BR>[Address Reference Count : 1]<UL><LI> startup_stm32f429_439xx.o(RESET)
</UL>
<P><STRONG><a name="[6e]"></a>OTG_HS_WKUP_IRQHandler</STRONG> (Thumb, 0 bytes, Stack size 0 bytes, startup_stm32f429_439xx.o(.text))
<BR>[Address Reference Count : 1]<UL><LI> startup_stm32f429_439xx.o(RESET)
</UL>
<P><STRONG><a name="[23]"></a>PVD_IRQHandler</STRONG> (Thumb, 0 bytes, Stack size 0 bytes, startup_stm32f429_439xx.o(.text))
<BR>[Address Reference Count : 1]<UL><LI> startup_stm32f429_439xx.o(RESET)
</UL>
<P><STRONG><a name="[27]"></a>RCC_IRQHandler</STRONG> (Thumb, 0 bytes, Stack size 0 bytes, startup_stm32f429_439xx.o(.text))
<BR>[Address Reference Count : 1]<UL><LI> startup_stm32f429_439xx.o(RESET)
</UL>
<P><STRONG><a name="[4b]"></a>RTC_Alarm_IRQHandler</STRONG> (Thumb, 0 bytes, Stack size 0 bytes, startup_stm32f429_439xx.o(.text))
<BR>[Address Reference Count : 1]<UL><LI> startup_stm32f429_439xx.o(RESET)
</UL>
<P><STRONG><a name="[25]"></a>RTC_WKUP_IRQHandler</STRONG> (Thumb, 0 bytes, Stack size 0 bytes, startup_stm32f429_439xx.o(.text))
<BR>[Address Reference Count : 1]<UL><LI> startup_stm32f429_439xx.o(RESET)
</UL>
<P><STRONG><a name="[79]"></a>SAI1_IRQHandler</STRONG> (Thumb, 0 bytes, Stack size 0 bytes, startup_stm32f429_439xx.o(.text))
<BR>[Address Reference Count : 1]<UL><LI> startup_stm32f429_439xx.o(RESET)
</UL>
<P><STRONG><a name="[45]"></a>SPI1_IRQHandler</STRONG> (Thumb, 0 bytes, Stack size 0 bytes, startup_stm32f429_439xx.o(.text))
<BR>[Address Reference Count : 1]<UL><LI> startup_stm32f429_439xx.o(RESET)
</UL>
<P><STRONG><a name="[46]"></a>SPI2_IRQHandler</STRONG> (Thumb, 0 bytes, Stack size 0 bytes, startup_stm32f429_439xx.o(.text))
<BR>[Address Reference Count : 1]<UL><LI> startup_stm32f429_439xx.o(RESET)
</UL>
<P><STRONG><a name="[55]"></a>SPI3_IRQHandler</STRONG> (Thumb, 0 bytes, Stack size 0 bytes, startup_stm32f429_439xx.o(.text))
<BR>[Address Reference Count : 1]<UL><LI> startup_stm32f429_439xx.o(RESET)
</UL>
<P><STRONG><a name="[76]"></a>SPI4_IRQHandler</STRONG> (Thumb, 0 bytes, Stack size 0 bytes, startup_stm32f429_439xx.o(.text))
<BR>[Address Reference Count : 1]<UL><LI> startup_stm32f429_439xx.o(RESET)
</UL>
<P><STRONG><a name="[77]"></a>SPI5_IRQHandler</STRONG> (Thumb, 0 bytes, Stack size 0 bytes, startup_stm32f429_439xx.o(.text))
<BR>[Address Reference Count : 1]<UL><LI> startup_stm32f429_439xx.o(RESET)
</UL>
<P><STRONG><a name="[78]"></a>SPI6_IRQHandler</STRONG> (Thumb, 0 bytes, Stack size 0 bytes, startup_stm32f429_439xx.o(.text))
<BR>[Address Reference Count : 1]<UL><LI> startup_stm32f429_439xx.o(RESET)
</UL>
<P><STRONG><a name="[24]"></a>TAMP_STAMP_IRQHandler</STRONG> (Thumb, 0 bytes, Stack size 0 bytes, startup_stm32f429_439xx.o(.text))
<BR>[Address Reference Count : 1]<UL><LI> startup_stm32f429_439xx.o(RESET)
</UL>
<P><STRONG><a name="[3a]"></a>TIM1_BRK_TIM9_IRQHandler</STRONG> (Thumb, 0 bytes, Stack size 0 bytes, startup_stm32f429_439xx.o(.text))
<BR>[Address Reference Count : 1]<UL><LI> startup_stm32f429_439xx.o(RESET)
</UL>
<P><STRONG><a name="[3d]"></a>TIM1_CC_IRQHandler</STRONG> (Thumb, 0 bytes, Stack size 0 bytes, startup_stm32f429_439xx.o(.text))
<BR>[Address Reference Count : 1]<UL><LI> startup_stm32f429_439xx.o(RESET)
</UL>
<P><STRONG><a name="[3c]"></a>TIM1_TRG_COM_TIM11_IRQHandler</STRONG> (Thumb, 0 bytes, Stack size 0 bytes, startup_stm32f429_439xx.o(.text))
<BR>[Address Reference Count : 1]<UL><LI> startup_stm32f429_439xx.o(RESET)
</UL>
<P><STRONG><a name="[3b]"></a>TIM1_UP_TIM10_IRQHandler</STRONG> (Thumb, 0 bytes, Stack size 0 bytes, startup_stm32f429_439xx.o(.text))
<BR>[Address Reference Count : 1]<UL><LI> startup_stm32f429_439xx.o(RESET)
</UL>
<P><STRONG><a name="[3e]"></a>TIM2_IRQHandler</STRONG> (Thumb, 0 bytes, Stack size 0 bytes, startup_stm32f429_439xx.o(.text))
<BR>[Address Reference Count : 1]<UL><LI> startup_stm32f429_439xx.o(RESET)
</UL>
<P><STRONG><a name="[3f]"></a>TIM3_IRQHandler</STRONG> (Thumb, 0 bytes, Stack size 0 bytes, startup_stm32f429_439xx.o(.text))
<BR>[Address Reference Count : 1]<UL><LI> startup_stm32f429_439xx.o(RESET)
</UL>
<P><STRONG><a name="[40]"></a>TIM4_IRQHandler</STRONG> (Thumb, 0 bytes, Stack size 0 bytes, startup_stm32f429_439xx.o(.text))
<BR>[Address Reference Count : 1]<UL><LI> startup_stm32f429_439xx.o(RESET)
</UL>
<P><STRONG><a name="[54]"></a>TIM5_IRQHandler</STRONG> (Thumb, 0 bytes, Stack size 0 bytes, startup_stm32f429_439xx.o(.text))
<BR>[Address Reference Count : 1]<UL><LI> startup_stm32f429_439xx.o(RESET)
</UL>
<P><STRONG><a name="[58]"></a>TIM6_DAC_IRQHandler</STRONG> (Thumb, 0 bytes, Stack size 0 bytes, startup_stm32f429_439xx.o(.text))
<BR>[Address Reference Count : 1]<UL><LI> startup_stm32f429_439xx.o(RESET)
</UL>
<P><STRONG><a name="[59]"></a>TIM7_IRQHandler</STRONG> (Thumb, 0 bytes, Stack size 0 bytes, startup_stm32f429_439xx.o(.text))
<BR>[Address Reference Count : 1]<UL><LI> startup_stm32f429_439xx.o(RESET)
</UL>
<P><STRONG><a name="[4d]"></a>TIM8_BRK_TIM12_IRQHandler</STRONG> (Thumb, 0 bytes, Stack size 0 bytes, startup_stm32f429_439xx.o(.text))
<BR>[Address Reference Count : 1]<UL><LI> startup_stm32f429_439xx.o(RESET)
</UL>
<P><STRONG><a name="[50]"></a>TIM8_CC_IRQHandler</STRONG> (Thumb, 0 bytes, Stack size 0 bytes, startup_stm32f429_439xx.o(.text))
<BR>[Address Reference Count : 1]<UL><LI> startup_stm32f429_439xx.o(RESET)
</UL>
<P><STRONG><a name="[4f]"></a>TIM8_TRG_COM_TIM14_IRQHandler</STRONG> (Thumb, 0 bytes, Stack size 0 bytes, startup_stm32f429_439xx.o(.text))
<BR>[Address Reference Count : 1]<UL><LI> startup_stm32f429_439xx.o(RESET)
</UL>
<P><STRONG><a name="[4e]"></a>TIM8_UP_TIM13_IRQHandler</STRONG> (Thumb, 0 bytes, Stack size 0 bytes, startup_stm32f429_439xx.o(.text))
<BR>[Address Reference Count : 1]<UL><LI> startup_stm32f429_439xx.o(RESET)
</UL>
<P><STRONG><a name="[56]"></a>UART4_IRQHandler</STRONG> (Thumb, 0 bytes, Stack size 0 bytes, startup_stm32f429_439xx.o(.text))
<BR>[Address Reference Count : 1]<UL><LI> startup_stm32f429_439xx.o(RESET)
</UL>
<P><STRONG><a name="[57]"></a>UART5_IRQHandler</STRONG> (Thumb, 0 bytes, Stack size 0 bytes, startup_stm32f429_439xx.o(.text))
<BR>[Address Reference Count : 1]<UL><LI> startup_stm32f429_439xx.o(RESET)
</UL>
<P><STRONG><a name="[74]"></a>UART7_IRQHandler</STRONG> (Thumb, 0 bytes, Stack size 0 bytes, startup_stm32f429_439xx.o(.text))
<BR>[Address Reference Count : 1]<UL><LI> startup_stm32f429_439xx.o(RESET)
</UL>
<P><STRONG><a name="[75]"></a>UART8_IRQHandler</STRONG> (Thumb, 0 bytes, Stack size 0 bytes, startup_stm32f429_439xx.o(.text))
<BR>[Address Reference Count : 1]<UL><LI> startup_stm32f429_439xx.o(RESET)
</UL>
<P><STRONG><a name="[47]"></a>USART1_IRQHandler</STRONG> (Thumb, 0 bytes, Stack size 0 bytes, startup_stm32f429_439xx.o(.text))
<BR>[Address Reference Count : 1]<UL><LI> startup_stm32f429_439xx.o(RESET)
</UL>
<P><STRONG><a name="[48]"></a>USART2_IRQHandler</STRONG> (Thumb, 0 bytes, Stack size 0 bytes, startup_stm32f429_439xx.o(.text))
<BR>[Address Reference Count : 1]<UL><LI> startup_stm32f429_439xx.o(RESET)
</UL>
<P><STRONG><a name="[69]"></a>USART6_IRQHandler</STRONG> (Thumb, 0 bytes, Stack size 0 bytes, startup_stm32f429_439xx.o(.text))
<BR>[Address Reference Count : 1]<UL><LI> startup_stm32f429_439xx.o(RESET)
</UL>
<P><STRONG><a name="[22]"></a>WWDG_IRQHandler</STRONG> (Thumb, 0 bytes, Stack size 0 bytes, startup_stm32f429_439xx.o(.text))
<BR>[Address Reference Count : 1]<UL><LI> startup_stm32f429_439xx.o(RESET)
</UL>
<P><STRONG><a name="[5eb]"></a>CPU_IntDis</STRONG> (Thumb, 0 bytes, Stack size unknown bytes, cpu_a.o(.text), UNUSED)

<P><STRONG><a name="[5ec]"></a>CPU_IntEn</STRONG> (Thumb, 0 bytes, Stack size unknown bytes, cpu_a.o(.text), UNUSED)

<P><STRONG><a name="[18e]"></a>CPU_SR_Save</STRONG> (Thumb, 0 bytes, Stack size unknown bytes, cpu_a.o(.text))
<BR><BR>[Called By]<UL><LI><a href="#[3e3]">&gt;&gt;</a>&nbsp;&nbsp;&nbsp;OSMemGet
<LI><a href="#[3bd]">&gt;&gt;</a>&nbsp;&nbsp;&nbsp;OSIntExit
<LI><a href="#[1d8]">&gt;&gt;</a>&nbsp;&nbsp;&nbsp;CPU_NameClr
<LI><a href="#[179]">&gt;&gt;</a>&nbsp;&nbsp;&nbsp;OSTimeDlyHMSM
<LI><a href="#[175]">&gt;&gt;</a>&nbsp;&nbsp;&nbsp;OSTimeDly
<LI><a href="#[17d]">&gt;&gt;</a>&nbsp;&nbsp;&nbsp;OSTaskResume
<LI><a href="#[197]">&gt;&gt;</a>&nbsp;&nbsp;&nbsp;OSTaskQPend
<LI><a href="#[191]">&gt;&gt;</a>&nbsp;&nbsp;&nbsp;OSTaskDel
<LI><a href="#[190]">&gt;&gt;</a>&nbsp;&nbsp;&nbsp;OSTaskCreate
<LI><a href="#[188]">&gt;&gt;</a>&nbsp;&nbsp;&nbsp;OSStatTaskCPUUsageInit
<LI><a href="#[198]">&gt;&gt;</a>&nbsp;&nbsp;&nbsp;OSMemPut
<LI><a href="#[18f]">&gt;&gt;</a>&nbsp;&nbsp;&nbsp;OSMemCreate
<LI><a href="#[e7]">&gt;&gt;</a>&nbsp;&nbsp;&nbsp;AppTaskStart
<LI><a href="#[b8]">&gt;&gt;</a>&nbsp;&nbsp;&nbsp;OS_IdleTask
<LI><a href="#[3f7]">&gt;&gt;</a>&nbsp;&nbsp;&nbsp;OSSchedUnlock
<LI><a href="#[3f5]">&gt;&gt;</a>&nbsp;&nbsp;&nbsp;OSSchedLock
<LI><a href="#[3eb]">&gt;&gt;</a>&nbsp;&nbsp;&nbsp;OSSched
<LI><a href="#[3cc]">&gt;&gt;</a>&nbsp;&nbsp;&nbsp;Mem_SegCreate
<LI><a href="#[33d]">&gt;&gt;</a>&nbsp;&nbsp;&nbsp;OSTimeGet
<LI><a href="#[ba]">&gt;&gt;</a>&nbsp;&nbsp;&nbsp;OS_TickTask
<LI><a href="#[42a]">&gt;&gt;</a>&nbsp;&nbsp;&nbsp;OS_TickListUpdateTimeout
<LI><a href="#[429]">&gt;&gt;</a>&nbsp;&nbsp;&nbsp;OS_TickListUpdateDly
<LI><a href="#[412]">&gt;&gt;</a>&nbsp;&nbsp;&nbsp;OS_TaskSuspend
<LI><a href="#[410]">&gt;&gt;</a>&nbsp;&nbsp;&nbsp;OS_TaskSemPost
<LI><a href="#[40d]">&gt;&gt;</a>&nbsp;&nbsp;&nbsp;OS_TaskResume
<LI><a href="#[40c]">&gt;&gt;</a>&nbsp;&nbsp;&nbsp;OS_TaskQPost
<LI><a href="#[40e]">&gt;&gt;</a>&nbsp;&nbsp;&nbsp;OSTaskSemPend
<LI><a href="#[411]">&gt;&gt;</a>&nbsp;&nbsp;&nbsp;OSTaskStkChk
<LI><a href="#[b9]">&gt;&gt;</a>&nbsp;&nbsp;&nbsp;OS_StatTask
<LI><a href="#[3fc]">&gt;&gt;</a>&nbsp;&nbsp;&nbsp;OSStatReset
<LI><a href="#[3fa]">&gt;&gt;</a>&nbsp;&nbsp;&nbsp;OS_SemPost
<LI><a href="#[33f]">&gt;&gt;</a>&nbsp;&nbsp;&nbsp;OSSemPend
<LI><a href="#[33e]">&gt;&gt;</a>&nbsp;&nbsp;&nbsp;OSSemCreate
<LI><a href="#[3ec]">&gt;&gt;</a>&nbsp;&nbsp;&nbsp;OSMutexPost
<LI><a href="#[3e7]">&gt;&gt;</a>&nbsp;&nbsp;&nbsp;OSMutexPend
<LI><a href="#[3e4]">&gt;&gt;</a>&nbsp;&nbsp;&nbsp;OSMutexCreate
<LI><a href="#[21]">&gt;&gt;</a>&nbsp;&nbsp;&nbsp;OS_CPU_SysTickHandler
<LI><a href="#[7a]">&gt;&gt;</a>&nbsp;&nbsp;&nbsp;LTDC_IRQHandler
</UL>

<P><STRONG><a name="[192]"></a>CPU_SR_Restore</STRONG> (Thumb, 0 bytes, Stack size unknown bytes, cpu_a.o(.text))
<BR><BR>[Called By]<UL><LI><a href="#[3e3]">&gt;&gt;</a>&nbsp;&nbsp;&nbsp;OSMemGet
<LI><a href="#[3bd]">&gt;&gt;</a>&nbsp;&nbsp;&nbsp;OSIntExit
<LI><a href="#[1d8]">&gt;&gt;</a>&nbsp;&nbsp;&nbsp;CPU_NameClr
<LI><a href="#[179]">&gt;&gt;</a>&nbsp;&nbsp;&nbsp;OSTimeDlyHMSM
<LI><a href="#[175]">&gt;&gt;</a>&nbsp;&nbsp;&nbsp;OSTimeDly
<LI><a href="#[17d]">&gt;&gt;</a>&nbsp;&nbsp;&nbsp;OSTaskResume
<LI><a href="#[197]">&gt;&gt;</a>&nbsp;&nbsp;&nbsp;OSTaskQPend
<LI><a href="#[191]">&gt;&gt;</a>&nbsp;&nbsp;&nbsp;OSTaskDel
<LI><a href="#[190]">&gt;&gt;</a>&nbsp;&nbsp;&nbsp;OSTaskCreate
<LI><a href="#[188]">&gt;&gt;</a>&nbsp;&nbsp;&nbsp;OSStatTaskCPUUsageInit
<LI><a href="#[198]">&gt;&gt;</a>&nbsp;&nbsp;&nbsp;OSMemPut
<LI><a href="#[18f]">&gt;&gt;</a>&nbsp;&nbsp;&nbsp;OSMemCreate
<LI><a href="#[e7]">&gt;&gt;</a>&nbsp;&nbsp;&nbsp;AppTaskStart
<LI><a href="#[b8]">&gt;&gt;</a>&nbsp;&nbsp;&nbsp;OS_IdleTask
<LI><a href="#[3f7]">&gt;&gt;</a>&nbsp;&nbsp;&nbsp;OSSchedUnlock
<LI><a href="#[3f5]">&gt;&gt;</a>&nbsp;&nbsp;&nbsp;OSSchedLock
<LI><a href="#[3eb]">&gt;&gt;</a>&nbsp;&nbsp;&nbsp;OSSched
<LI><a href="#[3cc]">&gt;&gt;</a>&nbsp;&nbsp;&nbsp;Mem_SegCreate
<LI><a href="#[33d]">&gt;&gt;</a>&nbsp;&nbsp;&nbsp;OSTimeGet
<LI><a href="#[ba]">&gt;&gt;</a>&nbsp;&nbsp;&nbsp;OS_TickTask
<LI><a href="#[42a]">&gt;&gt;</a>&nbsp;&nbsp;&nbsp;OS_TickListUpdateTimeout
<LI><a href="#[429]">&gt;&gt;</a>&nbsp;&nbsp;&nbsp;OS_TickListUpdateDly
<LI><a href="#[412]">&gt;&gt;</a>&nbsp;&nbsp;&nbsp;OS_TaskSuspend
<LI><a href="#[410]">&gt;&gt;</a>&nbsp;&nbsp;&nbsp;OS_TaskSemPost
<LI><a href="#[40d]">&gt;&gt;</a>&nbsp;&nbsp;&nbsp;OS_TaskResume
<LI><a href="#[40c]">&gt;&gt;</a>&nbsp;&nbsp;&nbsp;OS_TaskQPost
<LI><a href="#[40e]">&gt;&gt;</a>&nbsp;&nbsp;&nbsp;OSTaskSemPend
<LI><a href="#[411]">&gt;&gt;</a>&nbsp;&nbsp;&nbsp;OSTaskStkChk
<LI><a href="#[b9]">&gt;&gt;</a>&nbsp;&nbsp;&nbsp;OS_StatTask
<LI><a href="#[3fc]">&gt;&gt;</a>&nbsp;&nbsp;&nbsp;OSStatReset
<LI><a href="#[3fa]">&gt;&gt;</a>&nbsp;&nbsp;&nbsp;OS_SemPost
<LI><a href="#[33f]">&gt;&gt;</a>&nbsp;&nbsp;&nbsp;OSSemPend
<LI><a href="#[33e]">&gt;&gt;</a>&nbsp;&nbsp;&nbsp;OSSemCreate
<LI><a href="#[3ec]">&gt;&gt;</a>&nbsp;&nbsp;&nbsp;OSMutexPost
<LI><a href="#[3e7]">&gt;&gt;</a>&nbsp;&nbsp;&nbsp;OSMutexPend
<LI><a href="#[3e4]">&gt;&gt;</a>&nbsp;&nbsp;&nbsp;OSMutexCreate
<LI><a href="#[21]">&gt;&gt;</a>&nbsp;&nbsp;&nbsp;OS_CPU_SysTickHandler
<LI><a href="#[7a]">&gt;&gt;</a>&nbsp;&nbsp;&nbsp;LTDC_IRQHandler
</UL>

<P><STRONG><a name="[5ed]"></a>CPU_WaitForInt</STRONG> (Thumb, 0 bytes, Stack size unknown bytes, cpu_a.o(.text), UNUSED)

<P><STRONG><a name="[5ee]"></a>CPU_WaitForExcept</STRONG> (Thumb, 0 bytes, Stack size unknown bytes, cpu_a.o(.text), UNUSED)

<P><STRONG><a name="[422]"></a>CPU_CntLeadZeros</STRONG> (Thumb, 0 bytes, Stack size unknown bytes, cpu_a.o(.text))
<BR><BR>[Called By]<UL><LI><a href="#[3e0]">&gt;&gt;</a>&nbsp;&nbsp;&nbsp;OS_PrioGetHighest
</UL>

<P><STRONG><a name="[5ef]"></a>CPU_CntTrailZeros</STRONG> (Thumb, 0 bytes, Stack size unknown bytes, cpu_a.o(.text), UNUSED)

<P><STRONG><a name="[5f0]"></a>CPU_RevBits</STRONG> (Thumb, 0 bytes, Stack size unknown bytes, cpu_a.o(.text), UNUSED)

<P><STRONG><a name="[15b]"></a>__aeabi_uldivmod</STRONG> (Thumb, 98 bytes, Stack size 40 bytes, uldiv.o(.text))
<BR><BR>[Stack]<UL><LI>Max Depth = 40<LI>Call Chain = __aeabi_uldivmod
</UL>
<BR>[Calls]<UL><LI><a href="#[15c]">&gt;&gt;</a>&nbsp;&nbsp;&nbsp;__aeabi_llsr
<LI><a href="#[15d]">&gt;&gt;</a>&nbsp;&nbsp;&nbsp;__aeabi_llsl
</UL>
<BR>[Called By]<UL><LI><a href="#[59d]">&gt;&gt;</a>&nbsp;&nbsp;&nbsp;disk_ioctl
<LI><a href="#[56e]">&gt;&gt;</a>&nbsp;&nbsp;&nbsp;_printf_core
<LI><a href="#[15e]">&gt;&gt;</a>&nbsp;&nbsp;&nbsp;__aeabi_ldivmod
</UL>

<P><STRONG><a name="[15e]"></a>__aeabi_ldivmod</STRONG> (Thumb, 98 bytes, Stack size 24 bytes, ldiv.o(.text))
<BR><BR>[Stack]<UL><LI>Max Depth = 64<LI>Call Chain = __aeabi_ldivmod &rArr; __aeabi_uldivmod
</UL>
<BR>[Calls]<UL><LI><a href="#[15b]">&gt;&gt;</a>&nbsp;&nbsp;&nbsp;__aeabi_uldivmod
</UL>
<BR>[Called By]<UL><LI><a href="#[5cb]">&gt;&gt;</a>&nbsp;&nbsp;&nbsp;get_st_biases
</UL>

<P><STRONG><a name="[5f1]"></a>____aeabi_memcpy8$ret$move</STRONG> (Thumb, 0 bytes, Stack size 8 bytes, memmove.o(.text), UNUSED)

<P><STRONG><a name="[5f2]"></a>___aeabi_memmove4$ret</STRONG> (Thumb, 0 bytes, Stack size 8 bytes, memmove.o(.text), UNUSED)

<P><STRONG><a name="[5f3]"></a>___aeabi_memmove8$ret</STRONG> (Thumb, 0 bytes, Stack size 8 bytes, memmove.o(.text), UNUSED)

<P><STRONG><a name="[59f]"></a>__aeabi_memcpy</STRONG> (Thumb, 66 bytes, Stack size 8 bytes, memmove.o(.text))
<BR><BR>[Stack]<UL><LI>Max Depth = 8<LI>Call Chain = __aeabi_memcpy
</UL>
<BR>[Called By]<UL><LI><a href="#[5a0]">&gt;&gt;</a>&nbsp;&nbsp;&nbsp;disk_write
<LI><a href="#[59e]">&gt;&gt;</a>&nbsp;&nbsp;&nbsp;disk_read
</UL>

<P><STRONG><a name="[1c4]"></a>__aeabi_memcpy4</STRONG> (Thumb, 0 bytes, Stack size 8 bytes, memmove.o(.text))
<BR><BR>[Stack]<UL><LI>Max Depth = 8<LI>Call Chain = __aeabi_memcpy4
</UL>
<BR>[Called By]<UL><LI><a href="#[252]">&gt;&gt;</a>&nbsp;&nbsp;&nbsp;GUITASK_CopyContext
<LI><a href="#[31c]">&gt;&gt;</a>&nbsp;&nbsp;&nbsp;GUI_SaveContext_W
<LI><a href="#[31a]">&gt;&gt;</a>&nbsp;&nbsp;&nbsp;GUI_RestoreContext
<LI><a href="#[20e]">&gt;&gt;</a>&nbsp;&nbsp;&nbsp;DROPDOWN_CreateUser
<LI><a href="#[1bf]">&gt;&gt;</a>&nbsp;&nbsp;&nbsp;BUTTON_CreateUser
<LI><a href="#[3a3]">&gt;&gt;</a>&nbsp;&nbsp;&nbsp;LISTBOX_CreateUser
</UL>

<P><STRONG><a name="[563]"></a>__aeabi_memmove</STRONG> (Thumb, 0 bytes, Stack size 8 bytes, memmove.o(.text))
<BR><BR>[Stack]<UL><LI>Max Depth = 8<LI>Call Chain = __aeabi_memmove
</UL>
<BR>[Called By]<UL><LI><a href="#[25f]">&gt;&gt;</a>&nbsp;&nbsp;&nbsp;_RemoveHoles
</UL>

<P><STRONG><a name="[b]"></a>memcpy</STRONG> (Thumb, 0 bytes, Stack size 8 bytes, memmove.o(.text))
<BR><BR>[Stack]<UL><LI>Max Depth = 8<LI>Call Chain = memcpy
</UL>
<BR>[Address Reference Count : 1]<UL><LI> gui__private.o(.data)
</UL>
<P><STRONG><a name="[5f4]"></a>memmove</STRONG> (Thumb, 0 bytes, Stack size 8 bytes, memmove.o(.text), UNUSED)

<P><STRONG><a name="[160]"></a>__aeabi_memset</STRONG> (Thumb, 14 bytes, Stack size 0 bytes, memseta.o(.text))
<BR><BR>[Called By]<UL><LI><a href="#[5ae]">&gt;&gt;</a>&nbsp;&nbsp;&nbsp;dmp_enable_lp_quat
<LI><a href="#[5a1]">&gt;&gt;</a>&nbsp;&nbsp;&nbsp;dmp_enable_6x_lp_quat
<LI><a href="#[151]">&gt;&gt;</a>&nbsp;&nbsp;&nbsp;GUI_USAGE_BM_AddHLine
<LI><a href="#[a]">&gt;&gt;</a>&nbsp;&nbsp;&nbsp;memset
<LI><a href="#[15f]">&gt;&gt;</a>&nbsp;&nbsp;&nbsp;__aeabi_memclr
</UL>

<P><STRONG><a name="[5f5]"></a>__aeabi_memset4</STRONG> (Thumb, 0 bytes, Stack size 0 bytes, memseta.o(.text), UNUSED)

<P><STRONG><a name="[5f6]"></a>__aeabi_memset8</STRONG> (Thumb, 0 bytes, Stack size 0 bytes, memseta.o(.text), UNUSED)

<P><STRONG><a name="[15f]"></a>__aeabi_memclr</STRONG> (Thumb, 4 bytes, Stack size 0 bytes, memseta.o(.text), UNUSED)
<BR><BR>[Calls]<UL><LI><a href="#[160]">&gt;&gt;</a>&nbsp;&nbsp;&nbsp;__aeabi_memset
</UL>

<P><STRONG><a name="[2a8]"></a>__aeabi_memclr4</STRONG> (Thumb, 0 bytes, Stack size 0 bytes, memseta.o(.text))
<BR><BR>[Called By]<UL><LI><a href="#[507]">&gt;&gt;</a>&nbsp;&nbsp;&nbsp;_CreateHuffmanTable
<LI><a href="#[2a0]">&gt;&gt;</a>&nbsp;&nbsp;&nbsp;GUI_GIF__DrawFromFilePointer
<LI><a href="#[d3]">&gt;&gt;</a>&nbsp;&nbsp;&nbsp;_SetPos
<LI><a href="#[11]">&gt;&gt;</a>&nbsp;&nbsp;&nbsp;_Create
<LI><a href="#[152]">&gt;&gt;</a>&nbsp;&nbsp;&nbsp;GUI_USAGE_BM_Clear
</UL>

<P><STRONG><a name="[5f7]"></a>__aeabi_memclr8</STRONG> (Thumb, 0 bytes, Stack size 0 bytes, memseta.o(.text), UNUSED)

<P><STRONG><a name="[a]"></a>memset</STRONG> (Thumb, 18 bytes, Stack size 8 bytes, memseta.o(.text))
<BR><BR>[Stack]<UL><LI>Max Depth = 8<LI>Call Chain = memset
</UL>
<BR>[Calls]<UL><LI><a href="#[160]">&gt;&gt;</a>&nbsp;&nbsp;&nbsp;__aeabi_memset
</UL>
<BR>[Address Reference Count : 1]<UL><LI> gui__private.o(.data)
</UL>
<P><STRONG><a name="[203]"></a>strlen</STRONG> (Thumb, 14 bytes, Stack size 0 bytes, strlen.o(.text))
<BR><BR>[Called By]<UL><LI><a href="#[202]">&gt;&gt;</a>&nbsp;&nbsp;&nbsp;DROPDOWN_AddString
<LI><a href="#[48b]">&gt;&gt;</a>&nbsp;&nbsp;&nbsp;TEXT_CreateUser
<LI><a href="#[21a]">&gt;&gt;</a>&nbsp;&nbsp;&nbsp;LISTBOX_AddStringH
<LI><a href="#[393]">&gt;&gt;</a>&nbsp;&nbsp;&nbsp;LISTBOX_AddString
</UL>

<P><STRONG><a name="[24a]"></a>strcmp</STRONG> (Thumb, 28 bytes, Stack size 8 bytes, strcmp.o(.text))
<BR><BR>[Stack]<UL><LI>Max Depth = 8<LI>Call Chain = strcmp
</UL>
<BR>[Called By]<UL><LI><a href="#[248]">&gt;&gt;</a>&nbsp;&nbsp;&nbsp;GT9147_Init
</UL>

<P><STRONG><a name="[338]"></a>memcmp</STRONG> (Thumb, 26 bytes, Stack size 12 bytes, memcmp.o(.text))
<BR><BR>[Stack]<UL><LI>Max Depth = 12<LI>Call Chain = memcmp
</UL>
<BR>[Called By]<UL><LI><a href="#[5b0]">&gt;&gt;</a>&nbsp;&nbsp;&nbsp;mpu_load_firmware
<LI><a href="#[335]">&gt;&gt;</a>&nbsp;&nbsp;&nbsp;GUI_TOUCH_StoreStateEx
</UL>

<P><STRONG><a name="[356]"></a>strcpy</STRONG> (Thumb, 18 bytes, Stack size 0 bytes, strcpy.o(.text))
<BR><BR>[Called By]<UL><LI><a href="#[1d4]">&gt;&gt;</a>&nbsp;&nbsp;&nbsp;GUI__SetText
<LI><a href="#[48b]">&gt;&gt;</a>&nbsp;&nbsp;&nbsp;TEXT_CreateUser
<LI><a href="#[21a]">&gt;&gt;</a>&nbsp;&nbsp;&nbsp;LISTBOX_AddStringH
<LI><a href="#[393]">&gt;&gt;</a>&nbsp;&nbsp;&nbsp;LISTBOX_AddString
</UL>

<P><STRONG><a name="[161]"></a>__aeabi_dadd</STRONG> (Thumb, 322 bytes, Stack size 48 bytes, dadd.o(.text))
<BR><BR>[Stack]<UL><LI>Max Depth = 88<LI>Call Chain = __aeabi_dadd &rArr; _double_epilogue &rArr; _double_round
</UL>
<BR>[Calls]<UL><LI><a href="#[162]">&gt;&gt;</a>&nbsp;&nbsp;&nbsp;__aeabi_lasr
<LI><a href="#[15d]">&gt;&gt;</a>&nbsp;&nbsp;&nbsp;__aeabi_llsl
<LI><a href="#[164]">&gt;&gt;</a>&nbsp;&nbsp;&nbsp;_double_round
<LI><a href="#[163]">&gt;&gt;</a>&nbsp;&nbsp;&nbsp;_double_epilogue
</UL>
<BR>[Called By]<UL><LI><a href="#[1f9]">&gt;&gt;</a>&nbsp;&nbsp;&nbsp;conversion
<LI><a href="#[166]">&gt;&gt;</a>&nbsp;&nbsp;&nbsp;__aeabi_drsub
<LI><a href="#[57c]">&gt;&gt;</a>&nbsp;&nbsp;&nbsp;__hardfp_pow
<LI><a href="#[165]">&gt;&gt;</a>&nbsp;&nbsp;&nbsp;__aeabi_dsub
<LI><a href="#[56f]">&gt;&gt;</a>&nbsp;&nbsp;&nbsp;__hardfp_asin
<LI><a href="#[575]">&gt;&gt;</a>&nbsp;&nbsp;&nbsp;__kernel_poly
<LI><a href="#[57a]">&gt;&gt;</a>&nbsp;&nbsp;&nbsp;__mathlib_dbl_infnan2
<LI><a href="#[570]">&gt;&gt;</a>&nbsp;&nbsp;&nbsp;__mathlib_dbl_infnan
<LI><a href="#[578]">&gt;&gt;</a>&nbsp;&nbsp;&nbsp;__hardfp_atan
</UL>

<P><STRONG><a name="[165]"></a>__aeabi_dsub</STRONG> (Thumb, 6 bytes, Stack size 0 bytes, dadd.o(.text))
<BR><BR>[Stack]<UL><LI>Max Depth = 88<LI>Call Chain = __aeabi_dsub &rArr; __aeabi_dadd &rArr; _double_epilogue &rArr; _double_round
</UL>
<BR>[Calls]<UL><LI><a href="#[161]">&gt;&gt;</a>&nbsp;&nbsp;&nbsp;__aeabi_dadd
</UL>
[...]
</UL>
<BR>[Called By]<UL><LI><a href="#[bc]">&gt;&gt;</a>&nbsp;&nbsp;&nbsp;SCROLLBAR_Callback
</UL>

<P><STRONG><a name="[452]"></a>_OnTouch</STRONG> (Thumb, 526 bytes, Stack size 104 bytes, scrollbar.o(i._OnTouch))
<BR><BR>[Stack]<UL><LI>Max Depth = 432 + Unknown Stack Size
<LI>Call Chain = _OnTouch &rArr; WM_CreateTimer &rArr; GUI_TIMER_Create &rArr; GUI_ALLOC_AllocZero &rArr; GUI_ALLOC_AllocNoInit &rArr; _Alloc &rArr; _InitOnce &rArr; _EnlargeBlocks &rArr;  _Alloc (Cycle)
</UL>
<BR>[Calls]<UL><LI><a href="#[1b8]">&gt;&gt;</a>&nbsp;&nbsp;&nbsp;GUI_ALLOC_UnlockH
<LI><a href="#[1b7]">&gt;&gt;</a>&nbsp;&nbsp;&nbsp;GUI_ALLOC_LockH
<LI><a href="#[207]">&gt;&gt;</a>&nbsp;&nbsp;&nbsp;WM_NotifyParent
<LI><a href="#[1d2]">&gt;&gt;</a>&nbsp;&nbsp;&nbsp;WIDGET_OrState
<LI><a href="#[1d3]">&gt;&gt;</a>&nbsp;&nbsp;&nbsp;WIDGET_AndState
<LI><a href="#[504]">&gt;&gt;</a>&nbsp;&nbsp;&nbsp;GUI__DivideRound32
<LI><a href="#[4e1]">&gt;&gt;</a>&nbsp;&nbsp;&nbsp;WM_SetCapture
<LI><a href="#[450]">&gt;&gt;</a>&nbsp;&nbsp;&nbsp;SCROLLBAR_SetValue
<LI><a href="#[51e]">&gt;&gt;</a>&nbsp;&nbsp;&nbsp;_DeleteTimer
<LI><a href="#[4ac]">&gt;&gt;</a>&nbsp;&nbsp;&nbsp;WM_CreateTimer
</UL>
<BR>[Called By]<UL><LI><a href="#[bc]">&gt;&gt;</a>&nbsp;&nbsp;&nbsp;SCROLLBAR_Callback
</UL>

<P><STRONG><a name="[157]"></a>_DrawDown</STRONG> (Thumb, 16 bytes, Stack size 16 bytes, widget_effect_simple.o(i._DrawDown))
<BR><BR>[Stack]<UL><LI>Max Depth = 320 + Unknown Stack Size
<LI>Call Chain = _DrawDown &rArr; _DrawDownRect &rArr; GUI_DrawRect &rArr; GUI_Lock &rArr; GUI_X_Lock &rArr; OSSemPend &rArr; OS_Pend &rArr; OS_TaskBlock &rArr; OS_RdyListRemove
</UL>
<BR>[Calls]<UL><LI><a href="#[2b5]">&gt;&gt;</a>&nbsp;&nbsp;&nbsp;WM_GetClientRect
<LI><a href="#[158]">&gt;&gt;</a>&nbsp;&nbsp;&nbsp;_DrawDownRect
</UL>
<BR>[Address Reference Count : 1]<UL><LI> widget_effect_simple.o(.constdata)
</UL>
<P><STRONG><a name="[158]"></a>_DrawDownRect</STRONG> (Thumb, 50 bytes, Stack size 120 bytes, widget_effect_simple.o(i._DrawDownRect))
<BR><BR>[Stack]<UL><LI>Max Depth = 304 + Unknown Stack Size
<LI>Call Chain = _DrawDownRect &rArr; GUI_DrawRect &rArr; GUI_Lock &rArr; GUI_X_Lock &rArr; OSSemPend &rArr; OS_Pend &rArr; OS_TaskBlock &rArr; OS_RdyListRemove
</UL>
<BR>[Calls]<UL><LI><a href="#[31f]">&gt;&gt;</a>&nbsp;&nbsp;&nbsp;LCD_SetColor
<LI><a href="#[31c]">&gt;&gt;</a>&nbsp;&nbsp;&nbsp;GUI_SaveContext_W
<LI><a href="#[31a]">&gt;&gt;</a>&nbsp;&nbsp;&nbsp;GUI_RestoreContext
<LI><a href="#[1ca]">&gt;&gt;</a>&nbsp;&nbsp;&nbsp;GUI_DrawRect
</UL>
<BR>[Called By]<UL><LI><a href="#[157]">&gt;&gt;</a>&nbsp;&nbsp;&nbsp;_DrawDown
</UL>
<BR>[Address Reference Count : 1]<UL><LI> widget_effect_simple.o(.constdata)
</UL>
<P><STRONG><a name="[155]"></a>_DrawUp</STRONG> (Thumb, 16 bytes, Stack size 16 bytes, widget_effect_simple.o(i._DrawUp))
<BR><BR>[Stack]<UL><LI>Max Depth = 320 + Unknown Stack Size
<LI>Call Chain = _DrawUp &rArr; _DrawUpRect &rArr; GUI_DrawRect &rArr; GUI_Lock &rArr; GUI_X_Lock &rArr; OSSemPend &rArr; OS_Pend &rArr; OS_TaskBlock &rArr; OS_RdyListRemove
</UL>
<BR>[Calls]<UL><LI><a href="#[2b5]">&gt;&gt;</a>&nbsp;&nbsp;&nbsp;WM_GetClientRect
<LI><a href="#[156]">&gt;&gt;</a>&nbsp;&nbsp;&nbsp;_DrawUpRect
</UL>
<BR>[Address Reference Count : 1]<UL><LI> widget_effect_simple.o(.constdata)
</UL>
<P><STRONG><a name="[156]"></a>_DrawUpRect</STRONG> (Thumb, 50 bytes, Stack size 120 bytes, widget_effect_simple.o(i._DrawUpRect))
<BR><BR>[Stack]<UL><LI>Max Depth = 304 + Unknown Stack Size
<LI>Call Chain = _DrawUpRect &rArr; GUI_DrawRect &rArr; GUI_Lock &rArr; GUI_X_Lock &rArr; OSSemPend &rArr; OS_Pend &rArr; OS_TaskBlock &rArr; OS_RdyListRemove
</UL>
<BR>[Calls]<UL><LI><a href="#[31f]">&gt;&gt;</a>&nbsp;&nbsp;&nbsp;LCD_SetColor
<LI><a href="#[31c]">&gt;&gt;</a>&nbsp;&nbsp;&nbsp;GUI_SaveContext_W
<LI><a href="#[31a]">&gt;&gt;</a>&nbsp;&nbsp;&nbsp;GUI_RestoreContext
<LI><a href="#[1ca]">&gt;&gt;</a>&nbsp;&nbsp;&nbsp;GUI_DrawRect
</UL>
<BR>[Called By]<UL><LI><a href="#[155]">&gt;&gt;</a>&nbsp;&nbsp;&nbsp;_DrawUp
</UL>
<BR>[Address Reference Count : 1]<UL><LI> widget_effect_simple.o(.constdata)
</UL>
<P><STRONG><a name="[4ab]"></a>_BringToTop</STRONG> (Thumb, 106 bytes, Stack size 24 bytes, wm_bringtotop.o(i._BringToTop))
<BR><BR>[Stack]<UL><LI>Max Depth = 296 + Unknown Stack Size
<LI>Call Chain = _BringToTop &rArr; WM_InvalidateWindow &rArr; WM_InvalidateRect &rArr; WM__InvalidateRectEx &rArr; WM__InvalidateRect &rArr;  WM__InvalidateRect (Cycle)
</UL>
<BR>[Calls]<UL><LI><a href="#[1b8]">&gt;&gt;</a>&nbsp;&nbsp;&nbsp;GUI_ALLOC_UnlockH
<LI><a href="#[1b7]">&gt;&gt;</a>&nbsp;&nbsp;&nbsp;GUI_ALLOC_LockH
<LI><a href="#[1d5]">&gt;&gt;</a>&nbsp;&nbsp;&nbsp;WM_InvalidateWindow
<LI><a href="#[4ba]">&gt;&gt;</a>&nbsp;&nbsp;&nbsp;WM_ForEachDesc
<LI><a href="#[4ef]">&gt;&gt;</a>&nbsp;&nbsp;&nbsp;WM__RemoveWindowFromList
<LI><a href="#[4ad]">&gt;&gt;</a>&nbsp;&nbsp;&nbsp;WM__InsertWindowIntoList
</UL>
<BR>[Called By]<UL><LI><a href="#[498]">&gt;&gt;</a>&nbsp;&nbsp;&nbsp;WM_BringToTop
</UL>

<P><STRONG><a name="[ca]"></a>_cbInvalidateOne</STRONG> (Thumb, 4 bytes, Stack size 0 bytes, wm_bringtotop.o(i._cbInvalidateOne))
<BR><BR>[Stack]<UL><LI>Max Depth = 272 + Unknown Stack Size
<LI>Call Chain = _cbInvalidateOne &rArr; WM_InvalidateWindow &rArr; WM_InvalidateRect &rArr; WM__InvalidateRectEx &rArr; WM__InvalidateRect &rArr;  WM__InvalidateRect (Cycle)
</UL>
<BR>[Calls]<UL><LI><a href="#[1d5]">&gt;&gt;</a>&nbsp;&nbsp;&nbsp;WM_InvalidateWindow
</UL>
<BR>[Address Reference Count : 1]<UL><LI> wm_bringtotop.o(i._BringToTop)
</UL>
<P><STRONG><a name="[564]"></a>_Screen2hWin</STRONG> (Thumb, 90 bytes, Stack size 32 bytes, wm_screen2win.o(i._Screen2hWin))
<BR><BR>[Stack]<UL><LI>Max Depth = 32 + In Cycle
<LI>Call Chain = _Screen2hWin &rArr;  _Screen2hWin (Cycle)
</UL>
<BR>[Calls]<UL><LI><a href="#[262]">&gt;&gt;</a>&nbsp;&nbsp;&nbsp;GUI_ALLOC_h2p
<LI><a href="#[1b8]">&gt;&gt;</a>&nbsp;&nbsp;&nbsp;GUI_ALLOC_UnlockH
<LI><a href="#[1b7]">&gt;&gt;</a>&nbsp;&nbsp;&nbsp;GUI_ALLOC_LockH
<LI><a href="#[565]">&gt;&gt;</a>&nbsp;&nbsp;&nbsp;WM__IsInWindow
<LI><a href="#[564]">&gt;&gt;</a>&nbsp;&nbsp;&nbsp;_Screen2hWin
</UL>
<BR>[Called By]<UL><LI><a href="#[4df]">&gt;&gt;</a>&nbsp;&nbsp;&nbsp;_Screen2hWinStop
<LI><a href="#[564]">&gt;&gt;</a>&nbsp;&nbsp;&nbsp;_Screen2hWin
</UL>

<P><STRONG><a name="[4df]"></a>_Screen2hWinStop</STRONG> (Thumb, 30 bytes, Stack size 16 bytes, wm_screen2win.o(i._Screen2hWinStop))
<BR><BR>[Stack]<UL><LI>Max Depth = 48<LI>Call Chain = _Screen2hWinStop &rArr; _Screen2hWin &rArr;  _Screen2hWin (Cycle)
</UL>
<BR>[Calls]<UL><LI><a href="#[566]">&gt;&gt;</a>&nbsp;&nbsp;&nbsp;WM_GetDesktopWindowEx
<LI><a href="#[564]">&gt;&gt;</a>&nbsp;&nbsp;&nbsp;_Screen2hWin
</UL>
<BR>[Called By]<UL><LI><a href="#[4c8]">&gt;&gt;</a>&nbsp;&nbsp;&nbsp;WM_Screen2hWin
</UL>

<P><STRONG><a name="[4db]"></a>WM__ReleaseCapture</STRONG> (Thumb, 36 bytes, Stack size 32 bytes, wm_setcapture.o(i.WM__ReleaseCapture))
<BR><BR>[Stack]<UL><LI>Max Depth = 48<LI>Call Chain = WM__ReleaseCapture &rArr; WM__SendMessage &rArr;  WM_DefaultProc (Cycle)
</UL>
<BR>[Calls]<UL><LI><a href="#[3a1]">&gt;&gt;</a>&nbsp;&nbsp;&nbsp;WM__SendMessage
</UL>
<BR>[Called By]<UL><LI><a href="#[4e1]">&gt;&gt;</a>&nbsp;&nbsp;&nbsp;WM_SetCapture
<LI><a href="#[4cc]">&gt;&gt;</a>&nbsp;&nbsp;&nbsp;WM_ReleaseCapture
</UL>

<P><STRONG><a name="[4fe]"></a>_SetScrollbar</STRONG> (Thumb, 76 bytes, Stack size 24 bytes, wm_setscrollbar.o(i._SetScrollbar))
<BR><BR>[Stack]<UL><LI>Max Depth = 496 + Unknown Stack Size
<LI>Call Chain = _SetScrollbar &rArr; SCROLLBAR_CreateAttached &rArr; SCROLLBAR_CreateEx &rArr; SCROLLBAR_CreateUser &rArr; WM_CreateWindowAsChild &rArr; WM_BringToBottom &rArr; WM__InvalidateRectEx &rArr; WM__InvalidateRect &rArr;  WM__InvalidateRect (Cycle)
</UL>
<BR>[Calls]<UL><LI><a href="#[1b8]">&gt;&gt;</a>&nbsp;&nbsp;&nbsp;GUI_ALLOC_UnlockH
<LI><a href="#[1b7]">&gt;&gt;</a>&nbsp;&nbsp;&nbsp;GUI_ALLOC_LockH
<LI><a href="#[3b7]">&gt;&gt;</a>&nbsp;&nbsp;&nbsp;WM_GetDialogItem
<LI><a href="#[298]">&gt;&gt;</a>&nbsp;&nbsp;&nbsp;WM__DeleteSecure
<LI><a href="#[4cf]">&gt;&gt;</a>&nbsp;&nbsp;&nbsp;WM_HideWindow
<LI><a href="#[456]">&gt;&gt;</a>&nbsp;&nbsp;&nbsp;SCROLLBAR_CreateAttached
</UL>
<BR>[Called By]<UL><LI><a href="#[4eb]">&gt;&gt;</a>&nbsp;&nbsp;&nbsp;WM__SetScrollbarV
<LI><a href="#[4ea]">&gt;&gt;</a>&nbsp;&nbsp;&nbsp;WM__SetScrollbarH
</UL>

<P><STRONG><a name="[511]"></a>_CreateBuffer</STRONG> (Thumb, 162 bytes, Stack size 24 bytes, gui_sprite.o(i._CreateBuffer))
<BR><BR>[Stack]<UL><LI>Max Depth = 272 + Unknown Stack Size
<LI>Call Chain = _CreateBuffer &rArr; GUI_ALLOC_AllocNoInit &rArr; _Alloc &rArr; _InitOnce &rArr; _EnlargeBlocks &rArr;  _Alloc (Cycle)
</UL>
<BR>[Calls]<UL><LI><a href="#[1b7]">&gt;&gt;</a>&nbsp;&nbsp;&nbsp;GUI_ALLOC_LockH
<LI><a href="#[261]">&gt;&gt;</a>&nbsp;&nbsp;&nbsp;GUI_ALLOC_GetMaxSize
<LI><a href="#[259]">&gt;&gt;</a>&nbsp;&nbsp;&nbsp;GUI_ALLOC_AllocNoInit
<LI><a href="#[2f1]">&gt;&gt;</a>&nbsp;&nbsp;&nbsp;GUI_DEVICE__GetpDriver
</UL>
<BR>[Called By]<UL><LI><a href="#[31b]">&gt;&gt;</a>&nbsp;&nbsp;&nbsp;_SetPosition
</UL>

<P><STRONG><a name="[540]"></a>_FlushBuffer</STRONG> (Thumb, 122 bytes, Stack size 48 bytes, gui_sprite.o(i._FlushBuffer))
<BR><BR>[Stack]<UL><LI>Max Depth = 56<LI>Call Chain = _FlushBuffer &rArr; GUI__CompactPixelIndices
</UL>
<BR>[Calls]<UL><LI><a href="#[50e]">&gt;&gt;</a>&nbsp;&nbsp;&nbsp;GUI__CompactPixelIndices
</UL>
<BR>[Called By]<UL><LI><a href="#[567]">&gt;&gt;</a>&nbsp;&nbsp;&nbsp;_SetBkIndexBuffered
<LI><a href="#[562]">&gt;&gt;</a>&nbsp;&nbsp;&nbsp;_ReleaseBuffer
</UL>

<P><STRONG><a name="[542]"></a>_GetBkIndex</STRONG> (Thumb, 108 bytes, Stack size 32 bytes, gui_sprite.o(i._GetBkIndex))
<BR><BR>[Stack]<UL><LI>Max Depth = 48<LI>Call Chain = _GetBkIndex &rArr; GUI_GetBitmapPixelIndex &rArr; GUI_GetBitmapPixelIndexEx
</UL>
<BR>[Calls]<UL><LI><a href="#[2af]">&gt;&gt;</a>&nbsp;&nbsp;&nbsp;GUI_GetBitmapPixelIndex
</UL>
<BR>[Called By]<UL><LI><a href="#[31b]">&gt;&gt;</a>&nbsp;&nbsp;&nbsp;_SetPosition
</UL>

<P><STRONG><a name="[543]"></a>_GetBkIndexAlpha</STRONG> (Thumb, 128 bytes, Stack size 32 bytes, gui_sprite.o(i._GetBkIndexAlpha))
<BR><BR>[Stack]<UL><LI>Max Depth = 48<LI>Call Chain = _GetBkIndexAlpha &rArr; GUI_GetBitmapPixelIndex &rArr; GUI_GetBitmapPixelIndexEx
</UL>
<BR>[Calls]<UL><LI><a href="#[2af]">&gt;&gt;</a>&nbsp;&nbsp;&nbsp;GUI_GetBitmapPixelIndex
</UL>
<BR>[Called By]<UL><LI><a href="#[31b]">&gt;&gt;</a>&nbsp;&nbsp;&nbsp;_SetPosition
</UL>

<P><STRONG><a name="[54a]"></a>_GetDeviceRect</STRONG> (Thumb, 58 bytes, Stack size 16 bytes, gui_sprite.o(i._GetDeviceRect))
<BR><BR>[Stack]<UL><LI>Max Depth = 32<LI>Call Chain = _GetDeviceRect &rArr; LCD_GetYSizeEx &rArr; _GetDevProp
</UL>
<BR>[Calls]<UL><LI><a href="#[2f9]">&gt;&gt;</a>&nbsp;&nbsp;&nbsp;LCD_GetYSizeEx
<LI><a href="#[2f8]">&gt;&gt;</a>&nbsp;&nbsp;&nbsp;LCD_GetXSizeEx
</UL>
<BR>[Called By]<UL><LI><a href="#[31b]">&gt;&gt;</a>&nbsp;&nbsp;&nbsp;_SetPosition
</UL>

<P><STRONG><a name="[562]"></a>_ReleaseBuffer</STRONG> (Thumb, 28 bytes, Stack size 16 bytes, gui_sprite.o(i._ReleaseBuffer))
<BR><BR>[Stack]<UL><LI>Max Depth = 176 + Unknown Stack Size
<LI>Call Chain = _ReleaseBuffer &rArr; GUI_ALLOC_Free &rArr; GUI_Lock &rArr; GUI_X_Lock &rArr; OSSemPend &rArr; OS_Pend &rArr; OS_TaskBlock &rArr; OS_RdyListRemove
</UL>
<BR>[Calls]<UL><LI><a href="#[20a]">&gt;&gt;</a>&nbsp;&nbsp;&nbsp;GUI_ALLOC_Free
<LI><a href="#[1b8]">&gt;&gt;</a>&nbsp;&nbsp;&nbsp;GUI_ALLOC_UnlockH
<LI><a href="#[540]">&gt;&gt;</a>&nbsp;&nbsp;&nbsp;_FlushBuffer
</UL>
<BR>[Called By]<UL><LI><a href="#[31b]">&gt;&gt;</a>&nbsp;&nbsp;&nbsp;_SetPosition
</UL>

<P><STRONG><a name="[567]"></a>_SetBkIndexBuffered</STRONG> (Thumb, 74 bytes, Stack size 24 bytes, gui_sprite.o(i._SetBkIndexBuffered))
<BR><BR>[Stack]<UL><LI>Max Depth = 80<LI>Call Chain = _SetBkIndexBuffered &rArr; _FlushBuffer &rArr; GUI__CompactPixelIndices
</UL>
<BR>[Calls]<UL><LI><a href="#[540]">&gt;&gt;</a>&nbsp;&nbsp;&nbsp;_FlushBuffer
</UL>
<BR>[Called By]<UL><LI><a href="#[31b]">&gt;&gt;</a>&nbsp;&nbsp;&nbsp;_SetPosition
</UL>

<P><STRONG><a name="[31b]"></a>_SetPosition</STRONG> (Thumb, 1118 bytes, Stack size 216 bytes, gui_sprite.o(i._SetPosition))
<BR><BR>[Stack]<UL><LI>Max Depth = 488 + Unknown Stack Size
<LI>Call Chain = _SetPosition &rArr; _CreateBuffer &rArr; GUI_ALLOC_AllocNoInit &rArr; _Alloc &rArr; _InitOnce &rArr; _EnlargeBlocks &rArr;  _Alloc (Cycle)
</UL>
<BR>[Calls]<UL><LI><a href="#[2ef]">&gt;&gt;</a>&nbsp;&nbsp;&nbsp;GUI_MEMDEV_Select
<LI><a href="#[2af]">&gt;&gt;</a>&nbsp;&nbsp;&nbsp;GUI_GetBitmapPixelIndex
<LI><a href="#[1b8]">&gt;&gt;</a>&nbsp;&nbsp;&nbsp;GUI_ALLOC_UnlockH
<LI><a href="#[1b7]">&gt;&gt;</a>&nbsp;&nbsp;&nbsp;GUI_ALLOC_LockH
<LI><a href="#[567]">&gt;&gt;</a>&nbsp;&nbsp;&nbsp;_SetBkIndexBuffered
<LI><a href="#[562]">&gt;&gt;</a>&nbsp;&nbsp;&nbsp;_ReleaseBuffer
<LI><a href="#[54a]">&gt;&gt;</a>&nbsp;&nbsp;&nbsp;_GetDeviceRect
<LI><a href="#[543]">&gt;&gt;</a>&nbsp;&nbsp;&nbsp;_GetBkIndexAlpha
<LI><a href="#[542]">&gt;&gt;</a>&nbsp;&nbsp;&nbsp;_GetBkIndex
<LI><a href="#[511]">&gt;&gt;</a>&nbsp;&nbsp;&nbsp;_CreateBuffer
</UL>
<BR>[Called By]<UL><LI><a href="#[26c]">&gt;&gt;</a>&nbsp;&nbsp;&nbsp;GUI_SPRITE_SetPosition
</UL>

<P><STRONG><a name="[cb]"></a>_CalcPositions</STRONG> (Thumb, 334 bytes, Stack size 96 bytes, scrollbar_skin.o(i._CalcPositions))
<BR><BR>[Stack]<UL><LI>Max Depth = 328 + Unknown Stack Size
<LI>Call Chain = _CalcPositions &rArr; WM_GetScrollbarV &rArr; _GetDialogItem &rArr;  _GetDialogItem (Cycle)
</UL>
<BR>[Calls]<UL><LI><a href="#[1b8]">&gt;&gt;</a>&nbsp;&nbsp;&nbsp;GUI_ALLOC_UnlockH
<LI><a href="#[1b7]">&gt;&gt;</a>&nbsp;&nbsp;&nbsp;GUI_ALLOC_LockH
<LI><a href="#[1ce]">&gt;&gt;</a>&nbsp;&nbsp;&nbsp;GUI_MoveRect
<LI><a href="#[504]">&gt;&gt;</a>&nbsp;&nbsp;&nbsp;GUI__DivideRound32
<LI><a href="#[4c2]">&gt;&gt;</a>&nbsp;&nbsp;&nbsp;WM_GetWindowRectEx
<LI><a href="#[398]">&gt;&gt;</a>&nbsp;&nbsp;&nbsp;WM_GetScrollbarV
<LI><a href="#[39a]">&gt;&gt;</a>&nbsp;&nbsp;&nbsp;WM_GetScrollbarH
<LI><a href="#[503]">&gt;&gt;</a>&nbsp;&nbsp;&nbsp;SCROLLBAR__Rect2VRect
</UL>
<BR>[Called By]<UL><LI><a href="#[16]">&gt;&gt;</a>&nbsp;&nbsp;&nbsp;_Paint
</UL>
<BR>[Address Reference Count : 1]<UL><LI> scrollbar_skin.o(i._Create)
</UL>
<P><STRONG><a name="[17]"></a>_Create</STRONG> (Thumb, 52 bytes, Stack size 64 bytes, scrollbar_skin.o(i._Create))
<BR><BR>[Stack]<UL><LI>Max Depth = 64<LI>Call Chain = _Create
</UL>
<BR>[Calls]<UL><LI><a href="#[1b8]">&gt;&gt;</a>&nbsp;&nbsp;&nbsp;GUI_ALLOC_UnlockH
<LI><a href="#[1b7]">&gt;&gt;</a>&nbsp;&nbsp;&nbsp;GUI_ALLOC_LockH
</UL>
<BR>[Address Reference Count : 1]<UL><LI> scrollbar_skin.o(.data)
</UL>
<P><STRONG><a name="[16]"></a>_Paint</STRONG> (Thumb, 186 bytes, Stack size 120 bytes, scrollbar_skin.o(i._Paint))
<BR><BR>[Stack]<UL><LI>Max Depth = 448 + Unknown Stack Size
<LI>Call Chain = _Paint &rArr; _CalcPositions &rArr; WM_GetScrollbarV &rArr; _GetDialogItem &rArr;  _GetDialogItem (Cycle)
</UL>
<BR>[Calls]<UL><LI><a href="#[1b8]">&gt;&gt;</a>&nbsp;&nbsp;&nbsp;GUI_ALLOC_UnlockH
<LI><a href="#[1b7]">&gt;&gt;</a>&nbsp;&nbsp;&nbsp;GUI_ALLOC_LockH
<LI><a href="#[49f]">&gt;&gt;</a>&nbsp;&nbsp;&nbsp;WIDGET__GetClientRect
<LI><a href="#[cb]">&gt;&gt;</a>&nbsp;&nbsp;&nbsp;_CalcPositions
</UL>
<BR>[Address Reference Count : 1]<UL><LI> scrollbar_skin.o(.data)
</UL>
<P><STRONG><a name="[c0]"></a>_DrawBackgroundH</STRONG> (Thumb, 92 bytes, Stack size 24 bytes, scrollbar_skinflex.o(i._DrawBackgroundH))
<BR><BR>[Stack]<UL><LI>Max Depth = 328 + Unknown Stack Size
<LI>Call Chain = _DrawBackgroundH &rArr; GUI_DrawGradientV &rArr; _DrawGradient &rArr; GUI_GetColor &rArr; GUI_Lock &rArr; GUI_X_Lock &rArr; OSSemPend &rArr; OS_Pend &rArr; OS_TaskBlock &rArr; OS_RdyListRemove
</UL>
<BR>[Calls]<UL><LI><a href="#[c1]">&gt;&gt;</a>&nbsp;&nbsp;&nbsp;GUI_DrawGradientV
<LI><a href="#[522]">&gt;&gt;</a>&nbsp;&nbsp;&nbsp;_DrawFrame
</UL>
<BR>[Address Reference Count : 1]<UL><LI> scrollbar_skinflex.o(i.SCROLLBAR_DrawSkinFlex)
</UL>
<P><STRONG><a name="[bd]"></a>_DrawBackgroundV</STRONG> (Thumb, 92 bytes, Stack size 24 bytes, scrollbar_skinflex.o(i._DrawBackgroundV))
<BR><BR>[Stack]<UL><LI>Max Depth = 328 + Unknown Stack Size
<LI>Call Chain = _DrawBackgroundV &rArr; GUI_DrawGradientH &rArr; _DrawGradient &rArr; GUI_GetColor &rArr; GUI_Lock &rArr; GUI_X_Lock &rArr; OSSemPend &rArr; OS_Pend &rArr; OS_TaskBlock &rArr; OS_RdyListRemove
</UL>
<BR>[Calls]<UL><LI><a href="#[be]">&gt;&gt;</a>&nbsp;&nbsp;&nbsp;GUI_DrawGradientH
<LI><a href="#[522]">&gt;&gt;</a>&nbsp;&nbsp;&nbsp;_DrawFrame
</UL>
<BR>[Address Reference Count : 1]<UL><LI> scrollbar_skinflex.o(i.SCROLLBAR_DrawSkinFlex)
</UL>
<P><STRONG><a name="[522]"></a>_DrawFrame</STRONG> (Thumb, 244 bytes, Stack size 16 bytes, scrollbar_skinflex.o(i._DrawFrame))
<BR><BR>[Stack]<UL><LI>Max Depth = 200 + Unknown Stack Size
<LI>Call Chain = _DrawFrame &rArr; GUI_DrawHLine &rArr; GUI_Lock &rArr; GUI_X_Lock &rArr; OSSemPend &rArr; OS_Pend &rArr; OS_TaskBlock &rArr; OS_RdyListRemove
</UL>
<BR>[Calls]<UL><LI><a href="#[189]">&gt;&gt;</a>&nbsp;&nbsp;&nbsp;GUI_SetColor
<LI><a href="#[1c8]">&gt;&gt;</a>&nbsp;&nbsp;&nbsp;GUI_DrawVLine
<LI><a href="#[295]">&gt;&gt;</a>&nbsp;&nbsp;&nbsp;GUI_DrawPixel
<LI><a href="#[1c7]">&gt;&gt;</a>&nbsp;&nbsp;&nbsp;GUI_DrawHLine
</UL>
<BR>[Called By]<UL><LI><a href="#[bd]">&gt;&gt;</a>&nbsp;&nbsp;&nbsp;_DrawBackgroundV
<LI><a href="#[c0]">&gt;&gt;</a>&nbsp;&nbsp;&nbsp;_DrawBackgroundH
</UL>

<P><STRONG><a name="[c2]"></a>_DrawGraspH</STRONG> (Thumb, 92 bytes, Stack size 16 bytes, scrollbar_skinflex.o(i._DrawGraspH))
<BR><BR>[Stack]<UL><LI>Max Depth = 192 + Unknown Stack Size
<LI>Call Chain = _DrawGraspH &rArr; GUI_DrawVLine &rArr; GUI_Lock &rArr; GUI_X_Lock &rArr; OSSemPend &rArr; OS_Pend &rArr; OS_TaskBlock &rArr; OS_RdyListRemove
</UL>
<BR>[Calls]<UL><LI><a href="#[189]">&gt;&gt;</a>&nbsp;&nbsp;&nbsp;GUI_SetColor
<LI><a href="#[1c8]">&gt;&gt;</a>&nbsp;&nbsp;&nbsp;GUI_DrawVLine
</UL>
<BR>[Address Reference Count : 1]<UL><LI> scrollbar_skinflex.o(i.SCROLLBAR_DrawSkinFlex)
</UL>
<P><STRONG><a name="[bf]"></a>_DrawGraspV</STRONG> (Thumb, 92 bytes, Stack size 16 bytes, scrollbar_skinflex.o(i._DrawGraspV))
<BR><BR>[Stack]<UL><LI>Max Depth = 200 + Unknown Stack Size
<LI>Call Chain = _DrawGraspV &rArr; GUI_DrawHLine &rArr; GUI_Lock &rArr; GUI_X_Lock &rArr; OSSemPend &rArr; OS_Pend &rArr; OS_TaskBlock &rArr; OS_RdyListRemove
</UL>
<BR>[Calls]<UL><LI><a href="#[189]">&gt;&gt;</a>&nbsp;&nbsp;&nbsp;GUI_SetColor
<LI><a href="#[1c7]">&gt;&gt;</a>&nbsp;&nbsp;&nbsp;GUI_DrawHLine
</UL>
<BR>[Address Reference Count : 1]<UL><LI> scrollbar_skinflex.o(i.SCROLLBAR_DrawSkinFlex)
</UL>
<P><STRONG><a name="[45b]"></a>_GetArrowPara</STRONG> (Thumb, 48 bytes, Stack size 8 bytes, scrollbar_skinflex.o(i._GetArrowPara))
<BR><BR>[Stack]<UL><LI>Max Depth = 8<LI>Call Chain = _GetArrowPara
</UL>
<BR>[Called By]<UL><LI><a href="#[14]">&gt;&gt;</a>&nbsp;&nbsp;&nbsp;SCROLLBAR_DrawSkinFlex
</UL>

<P><STRONG><a name="[56e]"></a>_printf_core</STRONG> (Thumb, 996 bytes, Stack size 104 bytes, printf8.o(i._printf_core), UNUSED)
<BR><BR>[Calls]<UL><LI><a href="#[581]">&gt;&gt;</a>&nbsp;&nbsp;&nbsp;_printf_pre_padding
<LI><a href="#[582]">&gt;&gt;</a>&nbsp;&nbsp;&nbsp;_printf_post_padding
<LI><a href="#[15b]">&gt;&gt;</a>&nbsp;&nbsp;&nbsp;__aeabi_uldivmod
</UL>
<BR>[Called By]<UL><LI><a href="#[56d]">&gt;&gt;</a>&nbsp;&nbsp;&nbsp;__0printf$8
</UL>

<P><STRONG><a name="[582]"></a>_printf_post_padding</STRONG> (Thumb, 36 bytes, Stack size 24 bytes, printf8.o(i._printf_post_padding), UNUSED)
<BR><BR>[Called By]<UL><LI><a href="#[56e]">&gt;&gt;</a>&nbsp;&nbsp;&nbsp;_printf_core
</UL>

<P><STRONG><a name="[581]"></a>_printf_pre_padding</STRONG> (Thumb, 46 bytes, Stack size 24 bytes, printf8.o(i._printf_pre_padding), UNUSED)
<BR><BR>[Called By]<UL><LI><a href="#[56e]">&gt;&gt;</a>&nbsp;&nbsp;&nbsp;_printf_core
</UL>
<P>
<H3>
Undefined Global Symbols
</H3><HR></body></html>
