<html>
<body>
<pre>
<h1>礦ision Build Log</h1>
<h2>Tool Versions:</h2>
IDE-Version: μVision V5.25.2.0
Copyright (C) 2018 ARM Ltd and ARM Germany GmbH. All rights reserved.
License Information: a sg, hyj, LIC=KIVHL-05Y19-YCEJ1-CV5N6-5MI32-1I9LB
 
Tool Versions:
Toolchain:       MDK-ARM Professional  Version: 5.25.2.0
Toolchain Path:  d:\Keil_v5\ARM\ARMCC\Bin
C Compiler:      Armcc.exe V5.06 update 6 (build 750)
Assembler:       Armasm.exe V5.06 update 6 (build 750)
Linker/Locator:  ArmLink.exe V5.06 update 6 (build 750)
Library Manager: ArmAr.exe V5.06 update 6 (build 750)
Hex Converter:   FromElf.exe V5.06 update 6 (build 750)
CPU DLL:         SARMCM3.DLL V5.25.2.0
Dialog DLL:      DARMSTM.DLL V1.68.0.0
Target DLL:      Segger\JL2CM3.dll V2.99.29.0
Dialog DLL:      DARMSTM.DLL V1.68.0.0
 
<h2>Project:</h2>
C:\Users\MSI\Desktop\智能语音表情\程序\Chatter\Project\RVMDK（uv5）\BH-F429.uvprojx
Project File Date:  09/05/2018

<h2>Output:</h2>
*** Using Compiler 'V5.06 update 6 (build 750)', folder: 'd:\Keil_v5\ARM\ARMCC\Bin'
Build target 'SDRAM'
compiling app.c...
..\..\User\APP\app.c(79): warning:  #177-D: variable "SystemDatasBroadcast_TCB"  was declared but never referenced
  static  OS_TCB   SystemDatasBroadcast_TCB; 
..\..\User\APP\app.c(96): warning:  #177-D: variable "SystemDatasBroadcast_STK"  was declared but never referenced
  static  CPU_STK  SystemDatasBroadcast_STK [SystemDatasBroadcast_STK_SIZE];
..\..\User\APP\app.c(575): warning:  #177-D: function "SystemDatasBroadcast"  was declared but never referenced
  static void  SystemDatasBroadcast (void *p_arg)
..\..\User\APP\app.c: 3 warnings, 0 errors
compiling bsp.c...
linking...
Program Size: Code=95790 RO-data=186522 RW-data=976 ZI-data=63952  
FromELF: creating hex file...
"..\..\Output\SDRAM.axf" - 0 Error(s), 3 Warning(s).

<h2>Software Packages used:</h2>

Package Vendor: Keil
                http://www.keil.com/pack/Keil.STM32F4xx_DFP.2.11.0.pack
                Keil.STM32F4xx_DFP.2.11.0
                STMicroelectronics STM32F4 Series Device Support, Drivers and Examples

<h2>Collection of Component include folders:</h2>
  .\RTE\_SDRAM
  d:\Keil_v5\ARM\PACK\Keil\STM32F4xx_DFP\2.11.0\Drivers\CMSIS\Device\ST\STM32F4xx\Include

<h2>Collection of Component Files used:</h2>
Build Time Elapsed:  00:00:05
</pre>
</body>
</html>
